#-----------------------------------------------------------
# Vivado v2025.2 (64-bit)
# SW Build 6299465 on Fri Nov 14 19:35:11 GMT 2025
# IP Build 6300035 on Fri Nov 14 10:48:45 MST 2025
# SharedData Build 6298862 on Thu Nov 13 04:50:51 MST 2025
# Start of session at: Sat Aug 22 17:27:51 2026
# Process ID         : 19300
# Current directory  : C:/Users/aysha/Desktop/project/CRYSTALS-Kyber
# Command line       : vivado.exe -mode batch -source C:\Users\aysha\Desktop\project\CRYSTALS-Kyber\Crystals-kyber\verify_fifo578_dcp_util.tcl -nojournal -log C:\Users\aysha\Desktop\project\CRYSTALS-Kyber\Crystals-kyber\verify_fifo578_dcp_util.log
# Log file           : C:/Users/aysha/Desktop/project/CRYSTALS-Kyber/Crystals-kyber/verify_fifo578_dcp_util.log
# Journal file       : 
# Running On         : Aysha
# Platform           : Windows Server 2016 or Windows 10
# Operating System   : 26200
# Processor Detail   : Intel(R) Core(TM) Ultra 5 225H
# CPU Frequency      : 3686 MHz
# CPU Physical cores : 14
# CPU Logical cores  : 14
# Host memory        : 16574 MB
# Swap memory        : 25807 MB
# Total Virtual      : 42382 MB
# Available Virtual  : 8035 MB
#-----------------------------------------------------------
source {C:\Users\aysha\Desktop\project\CRYSTALS-Kyber\Crystals-kyber\verify_fifo578_dcp_util.tcl}
# set base {C:/Users/aysha/Desktop/project/CRYSTALS-Kyber/Crystals-kyber}
# foreach ip {fifo_generator_5 fifo_generator_7 fifo_generator_8} {
#     set dcp "$base/Crystals-kyber.runs/${ip}_synth_1/${ip}.dcp"
#     puts "VERIFY_DCP $ip $dcp"
#     open_checkpoint $dcp
#     report_utilization -file "$base/${ip}_ooc_util_verify.rpt"
#     set ramb18 [llength [get_cells -hier -filter {REF_NAME == RAMB18E1}]]
#     set ramb36 [llength [get_cells -hier -filter {REF_NAME == RAMB36E1}]]
#     set lutram [llength [get_cells -hier -filter {REF_NAME =~ RAM* || REF_NAME =~ SRL*}]]
#     puts "VERIFY_RESULT $ip RAMB18E1=$ramb18 RAMB36E1=$ramb36 RAM_OR_SRL_CELLS=$lutram"
#     close_design
# }
VERIFY_DCP fifo_generator_5 C:/Users/aysha/Desktop/project/CRYSTALS-Kyber/Crystals-kyber/Crystals-kyber.runs/fifo_generator_5_synth_1/fifo_generator_5.dcp
Command: open_checkpoint C:/Users/aysha/Desktop/project/CRYSTALS-Kyber/Crystals-kyber/Crystals-kyber.runs/fifo_generator_5_synth_1/fifo_generator_5.dcp

Starting open_checkpoint Task

Time (s): cpu = 00:00:00 ; elapsed = 00:00:00.113 . Memory (MB): peak = 317.199 ; gain = 3.074
INFO: [Device 21-403] Loading part xc7a12tcpg238-1
Netlist sorting complete. Time (s): cpu = 00:00:00 ; elapsed = 00:00:00.010 . Memory (MB): peak = 726.203 ; gain = 0.000
INFO: [Netlist 29-17] Analyzing 1 Unisim elements for replacement
INFO: [Netlist 29-28] Unisim Transformation completed in 0 CPU seconds
INFO: [Project 1-479] Netlist was created with Vivado 2025.2
INFO: [Project 1-570] Preparing netlist for logic optimization
Read ShapeDB Complete: Time (s): cpu = 00:00:00 ; elapsed = 00:00:00.006 . Memory (MB): peak = 815.168 ; gain = 0.000
Netlist sorting complete. Time (s): cpu = 00:00:00 ; elapsed = 00:00:00.001 . Memory (MB): peak = 815.609 ; gain = 0.000
INFO: [Project 1-111] Unisim Transformation Summary:
No Unisim elements were transformed.

INFO: [Project 1-604] Checkpoint was created with Vivado v2025.2 (64-bit) build 6299465
open_checkpoint: Time (s): cpu = 00:00:29 ; elapsed = 00:00:37 . Memory (MB): peak = 823.691 ; gain = 519.938
WARNING: [Vivado 12-180] No cells matched 'get_cells -hier -filter {REF_NAME == RAMB36E1}'.
VERIFY_RESULT fifo_generator_5 RAMB18E1=1 RAMB36E1=0 RAM_OR_SRL_CELLS=1
VERIFY_DCP fifo_generator_7 C:/Users/aysha/Desktop/project/CRYSTALS-Kyber/Crystals-kyber/Crystals-kyber.runs/fifo_generator_7_synth_1/fifo_generator_7.dcp
Command: open_checkpoint C:/Users/aysha/Desktop/project/CRYSTALS-Kyber/Crystals-kyber/Crystals-kyber.runs/fifo_generator_7_synth_1/fifo_generator_7.dcp

Starting open_checkpoint Task

Time (s): cpu = 00:00:00 ; elapsed = 00:00:00 . Memory (MB): peak = 823.691 ; gain = 0.000
Netlist sorting complete. Time (s): cpu = 00:00:00 ; elapsed = 00:00:00.013 . Memory (MB): peak = 823.691 ; gain = 0.000
INFO: [Netlist 29-17] Analyzing 1 Unisim elements for replacement
INFO: [Netlist 29-28] Unisim Transformation completed in 0 CPU seconds
INFO: [Project 1-479] Netlist was created with Vivado 2025.2
INFO: [Project 1-570] Preparing netlist for logic optimization
Read ShapeDB Complete: Time (s): cpu = 00:00:00 ; elapsed = 00:00:00.006 . Memory (MB): peak = 823.691 ; gain = 0.000
Netlist sorting complete. Time (s): cpu = 00:00:00 ; elapsed = 00:00:00 . Memory (MB): peak = 823.691 ; gain = 0.000
INFO: [Project 1-111] Unisim Transformation Summary:
No Unisim elements were transformed.

INFO: [Project 1-604] Checkpoint was created with Vivado v2025.2 (64-bit) build 6299465
WARNING: [Vivado 12-180] No cells matched 'get_cells -hier -filter {REF_NAME == RAMB36E1}'.
VERIFY_RESULT fifo_generator_7 RAMB18E1=1 RAMB36E1=0 RAM_OR_SRL_CELLS=1
VERIFY_DCP fifo_generator_8 C:/Users/aysha/Desktop/project/CRYSTALS-Kyber/Crystals-kyber/Crystals-kyber.runs/fifo_generator_8_synth_1/fifo_generator_8.dcp
Command: open_checkpoint C:/Users/aysha/Desktop/project/CRYSTALS-Kyber/Crystals-kyber/Crystals-kyber.runs/fifo_generator_8_synth_1/fifo_generator_8.dcp

Starting open_checkpoint Task

Time (s): cpu = 00:00:00 ; elapsed = 00:00:00 . Memory (MB): peak = 829.406 ; gain = 0.000
Netlist sorting complete. Time (s): cpu = 00:00:00 ; elapsed = 00:00:00.024 . Memory (MB): peak = 829.406 ; gain = 0.000
INFO: [Netlist 29-17] Analyzing 1 Unisim elements for replacement
INFO: [Netlist 29-28] Unisim Transformation completed in 0 CPU seconds
INFO: [Project 1-479] Netlist was created with Vivado 2025.2
INFO: [Project 1-570] Preparing netlist for logic optimization
Read ShapeDB Complete: Time (s): cpu = 00:00:00 ; elapsed = 00:00:00.006 . Memory (MB): peak = 829.406 ; gain = 0.000
Netlist sorting complete. Time (s): cpu = 00:00:00 ; elapsed = 00:00:00 . Memory (MB): peak = 829.406 ; gain = 0.000
INFO: [Project 1-111] Unisim Transformation Summary:
No Unisim elements were transformed.

INFO: [Project 1-604] Checkpoint was created with Vivado v2025.2 (64-bit) build 6299465
WARNING: [Vivado 12-180] No cells matched 'get_cells -hier -filter {REF_NAME == RAMB36E1}'.
VERIFY_RESULT fifo_generator_8 RAMB18E1=1 RAMB36E1=0 RAM_OR_SRL_CELLS=1
# puts "FIFO578_DCP_VERIFY_DONE"
FIFO578_DCP_VERIFY_DONE
# exit
INFO: [Common 17-206] Exiting Vivado at Sat Aug 22 17:28:57 2026...
