Copyright 1986-2022 Xilinx, Inc. All Rights Reserved. Copyright 2022-2025 Advanced Micro Devices, Inc. All Rights Reserved.
-------------------------------------------------------------------------------------------------------------------------------------------------------------------------------------------
| Tool Version : Vivado v.2025.2 (win64) Build 6299465 Fri Nov 14 19:35:11 GMT 2025
| Date         : Sat Aug 22 18:25:21 2026
| Host         : Aysha running 64-bit major release  (build 9200)
| Command      : report_timing_summary -file C:/Users/aysha/Desktop/project/CRYSTALS-Kyber/Crystals-kyber/final_timing_only_variants/v1_more_global/Kyber_Server_v1_more_global_timing.rpt
| Design       : Kyber_Server
| Device       : 7a12t-cpg238
| Speed File   : -1  PRODUCTION 1.23 2018-06-13
| Design State : Physopt postRoute
-------------------------------------------------------------------------------------------------------------------------------------------------------------------------------------------

Timing Summary Report

------------------------------------------------------------------------------------------------
| Timer Settings
| --------------
------------------------------------------------------------------------------------------------

  Enable Multi Corner Analysis               :  Yes
  Enable Pessimism Removal                   :  Yes
  Pessimism Removal Resolution               :  Nearest Common Node
  Enable Input Delay Default Clock           :  No
  Enable Preset / Clear Arcs                 :  No
  Disable Flight Delays                      :  No
  Ignore I/O Paths                           :  No
  Timing Early Launch at Borrowing Latches   :  No
  Borrow Time for Max Delay Exceptions       :  Yes
  Merge Timing Exceptions                    :  Yes
  Inter-SLR Compensation                     :  Conservative

  Corner  Analyze    Analyze    
  Name    Max Paths  Min Paths  
  ------  ---------  ---------  
  Slow    Yes        Yes        
  Fast    Yes        Yes        


------------------------------------------------------------------------------------------------
| Report Methodology
| ------------------
------------------------------------------------------------------------------------------------

No report available as report_methodology has not been run prior. Run report_methodology on the current design for the summary of methodology violations.



check_timing report

Table of Contents
-----------------
1. checking no_clock (0)
2. checking constant_clock (0)
3. checking pulse_width_clock (0)
4. checking unconstrained_internal_endpoints (0)
5. checking no_input_delay (40)
6. checking no_output_delay (35)
7. checking multiple_clock (0)
8. checking generated_clocks (0)
9. checking loops (0)
10. checking partial_input_delay (0)
11. checking partial_output_delay (0)
12. checking latch_loops (0)

1. checking no_clock (0)
------------------------
 There are 0 register/latch pins with no clock.


2. checking constant_clock (0)
------------------------------
 There are 0 register/latch pins with constant_clock.


3. checking pulse_width_clock (0)
---------------------------------
 There are 0 register/latch pins which need pulse_width check


4. checking unconstrained_internal_endpoints (0)
------------------------------------------------
 There are 0 pins that are not constrained for maximum delay.

 There are 0 pins that are not constrained for maximum delay due to constant clock.


5. checking no_input_delay (40)
-------------------------------
 There are 40 input ports with no input delay specified. (HIGH)

 There are 0 input ports with no input delay but user has a false path constraint.


6. checking no_output_delay (35)
--------------------------------
 There are 35 ports with no output delay specified. (HIGH)

 There are 0 ports with no output delay but user has a false path constraint

 There are 0 ports with no output delay but with a timing clock defined on it or propagating through it


7. checking multiple_clock (0)
------------------------------
 There are 0 register/latch pins with multiple clocks.


8. checking generated_clocks (0)
--------------------------------
 There are 0 generated clocks that are not connected to a clock source.


9. checking loops (0)
---------------------
 There are 0 combinational loops in the design.


10. checking partial_input_delay (0)
------------------------------------
 There are 0 input ports with partial input delay specified.


11. checking partial_output_delay (0)
-------------------------------------
 There are 0 ports with partial output delay specified.


12. checking latch_loops (0)
----------------------------
 There are 0 combinational latch loops in the design through latch input



------------------------------------------------------------------------------------------------
| Design Timing Summary
| ---------------------
------------------------------------------------------------------------------------------------

    WNS(ns)      TNS(ns)  TNS Failing Endpoints  TNS Total Endpoints      WHS(ns)      THS(ns)  THS Failing Endpoints  THS Total Endpoints     WPWS(ns)     TPWS(ns)  TPWS Failing Endpoints  TPWS Total Endpoints  
    -------      -------  ---------------------  -------------------      -------      -------  ---------------------  -------------------     --------     --------  ----------------------  --------------------  
      0.006        0.000                      0                11204        0.061        0.000                      0                11204        1.996        0.000                       0                  4977  


All user specified timing constraints are met.


------------------------------------------------------------------------------------------------
| Clock Summary
| -------------
------------------------------------------------------------------------------------------------

Clock  Waveform(ns)         Period(ns)      Frequency(MHz)
-----  ------------         ----------      --------------
clk    {0.000 2.976}        5.952           168.011         


------------------------------------------------------------------------------------------------
| Intra Clock Table
| -----------------
------------------------------------------------------------------------------------------------

Clock             WNS(ns)      TNS(ns)  TNS Failing Endpoints  TNS Total Endpoints      WHS(ns)      THS(ns)  THS Failing Endpoints  THS Total Endpoints     WPWS(ns)     TPWS(ns)  TPWS Failing Endpoints  TPWS Total Endpoints  
-----             -------      -------  ---------------------  -------------------      -------      -------  ---------------------  -------------------     --------     --------  ----------------------  --------------------  
clk                 0.006        0.000                      0                11204        0.061        0.000                      0                11204        1.996        0.000                       0                  4977  


------------------------------------------------------------------------------------------------
| Inter Clock Table
| -----------------
------------------------------------------------------------------------------------------------

From Clock    To Clock          WNS(ns)      TNS(ns)  TNS Failing Endpoints  TNS Total Endpoints      WHS(ns)      THS(ns)  THS Failing Endpoints  THS Total Endpoints  
----------    --------          -------      -------  ---------------------  -------------------      -------      -------  ---------------------  -------------------  


------------------------------------------------------------------------------------------------
| Other Path Groups Table
| -----------------------
------------------------------------------------------------------------------------------------

Path Group    From Clock    To Clock          WNS(ns)      TNS(ns)  TNS Failing Endpoints  TNS Total Endpoints      WHS(ns)      THS(ns)  THS Failing Endpoints  THS Total Endpoints  
----------    ----------    --------          -------      -------  ---------------------  -------------------      -------      -------  ---------------------  -------------------  


------------------------------------------------------------------------------------------------
| Timing Details
| --------------
------------------------------------------------------------------------------------------------


---------------------------------------------------------------------------------------------------
From Clock:  clk
  To Clock:  clk

Setup :            0  Failing Endpoints,  Worst Slack        0.006ns,  Total Violation        0.000ns
Hold  :            0  Failing Endpoints,  Worst Slack        0.061ns,  Total Violation        0.000ns
PW    :            0  Failing Endpoints,  Worst Slack        1.996ns,  Total Violation        0.000ns
---------------------------------------------------------------------------------------------------


Max Delay Paths
--------------------------------------------------------------------------------------
Slack (MET) :             0.006ns  (required time - arrival time)
  Source:                 ntt/in1_butt_reg[14]/C
                            (rising edge-triggered cell FDRE clocked by clk  {rise@0.000ns fall@2.976ns period=5.952ns})
  Destination:            ntt/BU/sum_in1_reg_reg[7]/D
                            (rising edge-triggered cell FDRE clocked by clk  {rise@0.000ns fall@2.976ns period=5.952ns})
  Path Group:             clk
  Path Type:              Setup (Max at Slow Process Corner)
  Requirement:            5.952ns  (clk rise@5.952ns - clk rise@0.000ns)
  Data Path Delay:        5.831ns  (logic 2.963ns (50.812%)  route 2.868ns (49.188%))
  Logic Levels:           9  (CARRY4=6 LUT4=2 LUT5=1)
  Clock Path Skew:        -0.110ns (DCD - SCD + CPR)
    Destination Clock Delay (DCD):    4.642ns = ( 10.594 - 5.952 ) 
    Source Clock Delay      (SCD):    5.026ns
    Clock Pessimism Removal (CPR):    0.274ns
  Clock Uncertainty:      0.035ns  ((TSJ^2 + TIJ^2)^1/2 + DJ) / 2 + PE
    Total System Jitter     (TSJ):    0.071ns
    Total Input Jitter      (TIJ):    0.000ns
    Discrete Jitter          (DJ):    0.000ns
    Phase Error              (PE):    0.000ns

    Location             Delay type                Incr(ns)  Path(ns)    Netlist Resource(s)
  -------------------------------------------------------------------    -------------------
                         (clock clk rise edge)        0.000     0.000 r  
    K18                                               0.000     0.000 r  clk (IN)
                         net (fo=0)                   0.000     0.000    clk
    K18                  IBUF (Prop_ibuf_I_O)         0.931     0.931 r  clk_IBUF_inst/O
                         net (fo=1, routed)           1.966     2.896    clk_IBUF
    BUFGCTRL_X0Y2        BUFG (Prop_bufg_I_O)         0.096     2.992 r  clk_IBUF_BUFG_inst_replica_1/O
                         net (fo=5, routed)           0.140     3.132    clk_IBUF_BUFG_repN_1
    BUFGCTRL_X0Y1        BUFG (Prop_bufg_I_O)         0.096     3.228 r  clk_IBUF_BUFG_inst_replica/O
                         net (fo=5, routed)           0.140     3.368    clk_IBUF_BUFG_repN
    BUFGCTRL_X0Y0        BUFG (Prop_bufg_I_O)         0.096     3.464 r  clk_IBUF_BUFG_inst/O
                         net (fo=4966, routed)        1.561     5.026    ntt/clk_IBUF_BUFG
    SLICE_X12Y6          FDRE                                         r  ntt/in1_butt_reg[14]/C
  -------------------------------------------------------------------    -------------------
    SLICE_X12Y6          FDRE (Prop_fdre_C_Q)         0.518     5.544 r  ntt/in1_butt_reg[14]/Q
                         net (fo=5, routed)           0.829     6.372    ntt/BU/diff_in1_reg_reg[11]_0[14]
    SLICE_X14Y4          LUT4 (Prop_lut4_I0_O)        0.124     6.496 r  ntt/BU/sum_in1_reg[3]_i_7/O
                         net (fo=1, routed)           0.808     7.304    ntt/BU/sum_in1_reg[3]_i_7_n_0
    SLICE_X22Y4          CARRY4 (Prop_carry4_DI[2]_CO[3])
                                                      0.404     7.708 r  ntt/BU/sum_in1_reg_reg[3]_i_3/CO[3]
                         net (fo=1, routed)           0.000     7.708    ntt/BU/sum_in1_reg_reg[3]_i_3_n_0
    SLICE_X22Y5          CARRY4 (Prop_carry4_CI_CO[3])
                                                      0.117     7.825 r  ntt/BU/sum_in1_reg_reg[7]_i_3/CO[3]
                         net (fo=1, routed)           0.000     7.825    ntt/BU/sum_in1_reg_reg[7]_i_3_n_0
    SLICE_X22Y6          CARRY4 (Prop_carry4_CI_CO[3])
                                                      0.117     7.942 r  ntt/BU/sum_in1_reg_reg[11]_i_4/CO[3]
                         net (fo=1, routed)           0.000     7.942    ntt/BU/sum_in1_reg_reg[11]_i_4_n_0
    SLICE_X22Y7          CARRY4 (Prop_carry4_CI_O[0])
                                                      0.219     8.161 r  ntt/BU/sum_in1_reg_reg[11]_i_18/O[0]
                         net (fo=7, routed)           0.489     8.650    ntt/BU/sum_in1[12]
    SLICE_X23Y4          LUT4 (Prop_lut4_I3_O)        0.295     8.945 r  ntt/BU/sum_in1_reg[3]_i_4/O
                         net (fo=1, routed)           0.000     8.945    ntt/BU/sum_in1_reg[3]_i_4_n_0
    SLICE_X23Y4          CARRY4 (Prop_carry4_S[1]_CO[3])
                                                      0.550     9.495 r  ntt/BU/sum_in1_reg_reg[3]_i_2/CO[3]
                         net (fo=1, routed)           0.000     9.495    ntt/BU/sum_in1_reg_reg[3]_i_2_n_0
    SLICE_X23Y5          CARRY4 (Prop_carry4_CI_O[3])
                                                      0.313     9.808 r  ntt/BU/sum_in1_reg_reg[7]_i_2/O[3]
                         net (fo=2, routed)           0.743    10.551    ntt/BU/sum_in1_q[7]
    SLICE_X23Y8          LUT5 (Prop_lut5_I0_O)        0.306    10.857 r  ntt/BU/sum_in1_reg[7]_i_1/O
                         net (fo=1, routed)           0.000    10.857    ntt/BU/sum_in1_reg[7]_i_1_n_0
    SLICE_X23Y8          FDRE                                         r  ntt/BU/sum_in1_reg_reg[7]/D
  -------------------------------------------------------------------    -------------------

                         (clock clk rise edge)        5.952     5.952 r  
    K18                                               0.000     5.952 r  clk (IN)
                         net (fo=0)                   0.000     5.952    clk
    K18                  IBUF (Prop_ibuf_I_O)         0.798     6.750 r  clk_IBUF_inst/O
                         net (fo=1, routed)           1.862     8.612    clk_IBUF
    BUFGCTRL_X0Y2        BUFG (Prop_bufg_I_O)         0.091     8.703 r  clk_IBUF_BUFG_inst_replica_1/O
                         net (fo=5, routed)           0.133     8.836    clk_IBUF_BUFG_repN_1
    BUFGCTRL_X0Y1        BUFG (Prop_bufg_I_O)         0.091     8.927 r  clk_IBUF_BUFG_inst_replica/O
                         net (fo=5, routed)           0.133     9.060    clk_IBUF_BUFG_repN
    BUFGCTRL_X0Y0        BUFG (Prop_bufg_I_O)         0.091     9.151 r  clk_IBUF_BUFG_inst/O
                         net (fo=4966, routed)        1.443    10.594    ntt/BU/clk_IBUF_BUFG
    SLICE_X23Y8          FDRE                                         r  ntt/BU/sum_in1_reg_reg[7]/C
                         clock pessimism              0.274    10.868    
                         clock uncertainty           -0.035    10.832    
    SLICE_X23Y8          FDRE (Setup_fdre_C_D)        0.031    10.863    ntt/BU/sum_in1_reg_reg[7]
  -------------------------------------------------------------------
                         required time                         10.863    
                         arrival time                         -10.857    
  -------------------------------------------------------------------
                         slack                                  0.006    





Min Delay Paths
--------------------------------------------------------------------------------------
Slack (MET) :             0.061ns  (arrival time - required time)
  Source:                 z_reg[145]/C
                            (rising edge-triggered cell FDRE clocked by clk  {rise@0.000ns fall@2.976ns period=5.952ns})
  Destination:            z_reg[81]_srl2____z_reg_s_33/D
                            (rising edge-triggered cell SRL16E clocked by clk  {rise@0.000ns fall@2.976ns period=5.952ns})
  Path Group:             clk
  Path Type:              Hold (Min at Fast Process Corner)
  Requirement:            0.000ns  (clk rise@0.000ns - clk rise@0.000ns)
  Data Path Delay:        0.257ns  (logic 0.141ns (54.828%)  route 0.116ns (45.172%))
  Logic Levels:           0  
  Clock Path Skew:        0.013ns (DCD - SCD - CPR)
    Destination Clock Delay (DCD):    2.036ns
    Source Clock Delay      (SCD):    1.510ns
    Clock Pessimism Removal (CPR):    0.513ns

    Location             Delay type                Incr(ns)  Path(ns)    Netlist Resource(s)
  -------------------------------------------------------------------    -------------------
                         (clock clk rise edge)        0.000     0.000 r  
    K18                                               0.000     0.000 r  clk (IN)
                         net (fo=0)                   0.000     0.000    clk
    K18                  IBUF (Prop_ibuf_I_O)         0.160     0.160 r  clk_IBUF_inst/O
                         net (fo=1, routed)           0.631     0.791    clk_IBUF
    BUFGCTRL_X0Y2        BUFG (Prop_bufg_I_O)         0.026     0.817 r  clk_IBUF_BUFG_inst_replica_1/O
                         net (fo=5, routed)           0.030     0.847    clk_IBUF_BUFG_repN_1
    BUFGCTRL_X0Y1        BUFG (Prop_bufg_I_O)         0.026     0.873 r  clk_IBUF_BUFG_inst_replica/O
                         net (fo=5, routed)           0.030     0.903    clk_IBUF_BUFG_repN
    BUFGCTRL_X0Y0        BUFG (Prop_bufg_I_O)         0.026     0.929 r  clk_IBUF_BUFG_inst/O
                         net (fo=4966, routed)        0.581     1.510    clk_IBUF_BUFG
    SLICE_X3Y28          FDRE                                         r  z_reg[145]/C
  -------------------------------------------------------------------    -------------------
    SLICE_X3Y28          FDRE (Prop_fdre_C_Q)         0.141     1.651 r  z_reg[145]/Q
                         net (fo=1, routed)           0.116     1.767    z_reg_n_0_[145]
    SLICE_X2Y28          SRL16E                                       r  z_reg[81]_srl2____z_reg_s_33/D
  -------------------------------------------------------------------    -------------------

                         (clock clk rise edge)        0.000     0.000 r  
    K18                                               0.000     0.000 r  clk (IN)
                         net (fo=0)                   0.000     0.000    clk
    K18                  IBUF (Prop_ibuf_I_O)         0.348     0.348 r  clk_IBUF_inst/O
                         net (fo=1, routed)           0.685     1.033    clk_IBUF
    BUFGCTRL_X0Y2        BUFG (Prop_bufg_I_O)         0.029     1.062 r  clk_IBUF_BUFG_inst_replica_1/O
                         net (fo=5, routed)           0.033     1.095    clk_IBUF_BUFG_repN_1
    BUFGCTRL_X0Y1        BUFG (Prop_bufg_I_O)         0.029     1.124 r  clk_IBUF_BUFG_inst_replica/O
                         net (fo=5, routed)           0.033     1.157    clk_IBUF_BUFG_repN
    BUFGCTRL_X0Y0        BUFG (Prop_bufg_I_O)         0.029     1.186 r  clk_IBUF_BUFG_inst/O
                         net (fo=4966, routed)        0.850     2.036    clk_IBUF_BUFG
    SLICE_X2Y28          SRL16E                                       r  z_reg[81]_srl2____z_reg_s_33/CLK
                         clock pessimism             -0.513     1.523    
    SLICE_X2Y28          SRL16E (Hold_srl16e_CLK_D)
                                                      0.183     1.706    z_reg[81]_srl2____z_reg_s_33
  -------------------------------------------------------------------
                         required time                         -1.706    
                         arrival time                           1.767    
  -------------------------------------------------------------------
                         slack                                  0.061    





Pulse Width Checks
--------------------------------------------------------------------------------------
Clock Name:         clk
Waveform(ns):       { 0.000 2.976 }
Period(ns):         5.952
Sources:            { clk }

Check Type        Corner  Lib Pin             Reference Pin  Required(ns)  Actual(ns)  Slack(ns)  Location      Pin
Min Period        n/a     RAMB18E1/CLKARDCLK  n/a            2.944         5.952       3.008      RAMB18_X0Y7   DFIFO0/U0/inst_fifo_gen/gconvfifo.rf/grf.rf/gntv_or_sync_fifo.mem/gbm.gbmg.gbmga.ngecc.bmg/inst_blk_mem_gen/gnbram.gnativebmg.native_blk_mem_gen/valid.cstr/ramloop[0].ram.r/prim_noinit.ram/DEVICE_7SERIES.NO_BMM_INFO.SDP.WIDE_PRIM18.ram/CLKARDCLK
Low Pulse Width   Slow    SRL16E/CLK          n/a            0.980         2.976       1.996      SLICE_X18Y28  K_reg[32]_srl7/CLK
High Pulse Width  Slow    SRL16E/CLK          n/a            0.980         2.976       1.996      SLICE_X18Y28  K_reg[32]_srl7/CLK



