Copyright 1986-2022 Xilinx, Inc. All Rights Reserved. Copyright 2022-2025 Advanced Micro Devices, Inc. All Rights Reserved.
------------------------------------------------------------------------------------------------------------------------------------------------------------------------
| Tool Version : Vivado v.2025.2 (win64) Build 6299465 Fri Nov 14 19:35:11 GMT 2025
| Date         : Sat Aug 22 17:18:20 2026
| Host         : Aysha running 64-bit major release  (build 9200)
| Command      : report_timing_summary -file C:/Users/aysha/Desktop/project/CRYSTALS-Kyber/Crystals-kyber/final_5993_168_direct_impl/Kyber_Server_final_impl_timing.rpt
| Design       : Kyber_Server
| Device       : 7a12t-cpg238
| Speed File   : -1  PRODUCTION 1.23 2018-06-13
| Design State : Physopt postRoute
------------------------------------------------------------------------------------------------------------------------------------------------------------------------

Timing Summary Report

------------------------------------------------------------------------------------------------
| Timer Settings
| --------------
------------------------------------------------------------------------------------------------

  Enable Multi Corner Analysis               :  Yes
  Enable Pessimism Removal                   :  Yes
  Pessimism Removal Resolution               :  Nearest Common Node
  Enable Input Delay Default Clock           :  No
  Enable Preset / Clear Arcs                 :  No
  Disable Flight Delays                      :  No
  Ignore I/O Paths                           :  No
  Timing Early Launch at Borrowing Latches   :  No
  Borrow Time for Max Delay Exceptions       :  Yes
  Merge Timing Exceptions                    :  Yes
  Inter-SLR Compensation                     :  Conservative

  Corner  Analyze    Analyze    
  Name    Max Paths  Min Paths  
  ------  ---------  ---------  
  Slow    Yes        Yes        
  Fast    Yes        Yes        


------------------------------------------------------------------------------------------------
| Report Methodology
| ------------------
------------------------------------------------------------------------------------------------

No report available as report_methodology has not been run prior. Run report_methodology on the current design for the summary of methodology violations.



check_timing report

Table of Contents
-----------------
1. checking no_clock (0)
2. checking constant_clock (0)
3. checking pulse_width_clock (0)
4. checking unconstrained_internal_endpoints (0)
5. checking no_input_delay (40)
6. checking no_output_delay (35)
7. checking multiple_clock (0)
8. checking generated_clocks (0)
9. checking loops (0)
10. checking partial_input_delay (0)
11. checking partial_output_delay (0)
12. checking latch_loops (0)

1. checking no_clock (0)
------------------------
 There are 0 register/latch pins with no clock.


2. checking constant_clock (0)
------------------------------
 There are 0 register/latch pins with constant_clock.


3. checking pulse_width_clock (0)
---------------------------------
 There are 0 register/latch pins which need pulse_width check


4. checking unconstrained_internal_endpoints (0)
------------------------------------------------
 There are 0 pins that are not constrained for maximum delay.

 There are 0 pins that are not constrained for maximum delay due to constant clock.


5. checking no_input_delay (40)
-------------------------------
 There are 40 input ports with no input delay specified. (HIGH)

 There are 0 input ports with no input delay but user has a false path constraint.


6. checking no_output_delay (35)
--------------------------------
 There are 35 ports with no output delay specified. (HIGH)

 There are 0 ports with no output delay but user has a false path constraint

 There are 0 ports with no output delay but with a timing clock defined on it or propagating through it


7. checking multiple_clock (0)
------------------------------
 There are 0 register/latch pins with multiple clocks.


8. checking generated_clocks (0)
--------------------------------
 There are 0 generated clocks that are not connected to a clock source.


9. checking loops (0)
---------------------
 There are 0 combinational loops in the design.


10. checking partial_input_delay (0)
------------------------------------
 There are 0 input ports with partial input delay specified.


11. checking partial_output_delay (0)
-------------------------------------
 There are 0 ports with partial output delay specified.


12. checking latch_loops (0)
----------------------------
 There are 0 combinational latch loops in the design through latch input



------------------------------------------------------------------------------------------------
| Design Timing Summary
| ---------------------
------------------------------------------------------------------------------------------------

    WNS(ns)      TNS(ns)  TNS Failing Endpoints  TNS Total Endpoints      WHS(ns)      THS(ns)  THS Failing Endpoints  THS Total Endpoints     WPWS(ns)     TPWS(ns)  TPWS Failing Endpoints  TPWS Total Endpoints  
    -------      -------  ---------------------  -------------------      -------      -------  ---------------------  -------------------     --------     --------  ----------------------  --------------------  
      0.006        0.000                      0                12007        0.066        0.000                      0                12007        1.726        0.000                       0                  5151  


All user specified timing constraints are met.


------------------------------------------------------------------------------------------------
| Clock Summary
| -------------
------------------------------------------------------------------------------------------------

Clock  Waveform(ns)         Period(ns)      Frequency(MHz)
-----  ------------         ----------      --------------
clk    {0.000 2.976}        5.952           168.011         


------------------------------------------------------------------------------------------------
| Intra Clock Table
| -----------------
------------------------------------------------------------------------------------------------

Clock             WNS(ns)      TNS(ns)  TNS Failing Endpoints  TNS Total Endpoints      WHS(ns)      THS(ns)  THS Failing Endpoints  THS Total Endpoints     WPWS(ns)     TPWS(ns)  TPWS Failing Endpoints  TPWS Total Endpoints  
-----             -------      -------  ---------------------  -------------------      -------      -------  ---------------------  -------------------     --------     --------  ----------------------  --------------------  
clk                 0.006        0.000                      0                12007        0.066        0.000                      0                12007        1.726        0.000                       0                  5151  


------------------------------------------------------------------------------------------------
| Inter Clock Table
| -----------------
------------------------------------------------------------------------------------------------

From Clock    To Clock          WNS(ns)      TNS(ns)  TNS Failing Endpoints  TNS Total Endpoints      WHS(ns)      THS(ns)  THS Failing Endpoints  THS Total Endpoints  
----------    --------          -------      -------  ---------------------  -------------------      -------      -------  ---------------------  -------------------  


------------------------------------------------------------------------------------------------
| Other Path Groups Table
| -----------------------
------------------------------------------------------------------------------------------------

Path Group    From Clock    To Clock          WNS(ns)      TNS(ns)  TNS Failing Endpoints  TNS Total Endpoints      WHS(ns)      THS(ns)  THS Failing Endpoints  THS Total Endpoints  
----------    ----------    --------          -------      -------  ---------------------  -------------------      -------      -------  ---------------------  -------------------  


------------------------------------------------------------------------------------------------
| Timing Details
| --------------
------------------------------------------------------------------------------------------------


---------------------------------------------------------------------------------------------------
From Clock:  clk
  To Clock:  clk

Setup :            0  Failing Endpoints,  Worst Slack        0.006ns,  Total Violation        0.000ns
Hold  :            0  Failing Endpoints,  Worst Slack        0.066ns,  Total Violation        0.000ns
PW    :            0  Failing Endpoints,  Worst Slack        1.726ns,  Total Violation        0.000ns
---------------------------------------------------------------------------------------------------


Max Delay Paths
--------------------------------------------------------------------------------------
Slack (MET) :             0.006ns  (required time - arrival time)
  Source:                 DFIFO0/U0/inst_fifo_gen/gconvfifo.rf/grf.rf/gntv_or_sync_fifo.mem/gbm.gbmg.gbmga.ngecc.bmg/inst_blk_mem_gen/gnbram.gnativebmg.native_blk_mem_gen/valid.cstr/ramloop[0].ram.r/prim_noinit.ram/DEVICE_7SERIES.NO_BMM_INFO.SDP.WIDE_PRIM18.ram/CLKARDCLK
                            (rising edge-triggered cell RAMB18E1 clocked by clk  {rise@0.000ns fall@2.976ns period=5.952ns})
  Destination:            ntt/samp1_q_reg[1]/D
                            (rising edge-triggered cell FDRE clocked by clk  {rise@0.000ns fall@2.976ns period=5.952ns})
  Path Group:             clk
  Path Type:              Setup (Max at Slow Process Corner)
  Requirement:            5.952ns  (clk rise@5.952ns - clk rise@0.000ns)
  Data Path Delay:        5.861ns  (logic 3.074ns (52.448%)  route 2.787ns (47.552%))
  Logic Levels:           5  (LUT5=3 LUT6=2)
  Clock Path Skew:        -0.081ns (DCD - SCD + CPR)
    Destination Clock Delay (DCD):    4.193ns = ( 10.145 - 5.952 ) 
    Source Clock Delay      (SCD):    4.596ns
    Clock Pessimism Removal (CPR):    0.322ns
  Clock Uncertainty:      0.035ns  ((TSJ^2 + TIJ^2)^1/2 + DJ) / 2 + PE
    Total System Jitter     (TSJ):    0.071ns
    Total Input Jitter      (TIJ):    0.000ns
    Discrete Jitter          (DJ):    0.000ns
    Phase Error              (PE):    0.000ns

    Location             Delay type                Incr(ns)  Path(ns)    Netlist Resource(s)
  -------------------------------------------------------------------    -------------------
                         (clock clk rise edge)        0.000     0.000 r  
    K18                                               0.000     0.000 r  clk (IN)
                         net (fo=0)                   0.000     0.000    clk
    K18                  IBUF (Prop_ibuf_I_O)         0.931     0.931 r  clk_IBUF_inst/O
                         net (fo=1, routed)           1.966     2.896    clk_IBUF
    BUFGCTRL_X0Y0        BUFG (Prop_bufg_I_O)         0.096     2.992 r  clk_IBUF_BUFG_inst/O
                         net (fo=5150, routed)        1.604     4.596    DFIFO0/U0/inst_fifo_gen/gconvfifo.rf/grf.rf/gntv_or_sync_fifo.mem/gbm.gbmg.gbmga.ngecc.bmg/inst_blk_mem_gen/gnbram.gnativebmg.native_blk_mem_gen/valid.cstr/ramloop[0].ram.r/prim_noinit.ram/clka
    RAMB18_X1Y4          RAMB18E1                                     r  DFIFO0/U0/inst_fifo_gen/gconvfifo.rf/grf.rf/gntv_or_sync_fifo.mem/gbm.gbmg.gbmga.ngecc.bmg/inst_blk_mem_gen/gnbram.gnativebmg.native_blk_mem_gen/valid.cstr/ramloop[0].ram.r/prim_noinit.ram/DEVICE_7SERIES.NO_BMM_INFO.SDP.WIDE_PRIM18.ram/CLKARDCLK
  -------------------------------------------------------------------    -------------------
    RAMB18_X1Y4          RAMB18E1 (Prop_ramb18e1_CLKARDCLK_DOADO[5])
                                                      2.454     7.050 f  DFIFO0/U0/inst_fifo_gen/gconvfifo.rf/grf.rf/gntv_or_sync_fifo.mem/gbm.gbmg.gbmga.ngecc.bmg/inst_blk_mem_gen/gnbram.gnativebmg.native_blk_mem_gen/valid.cstr/ramloop[0].ram.r/prim_noinit.ram/DEVICE_7SERIES.NO_BMM_INFO.SDP.WIDE_PRIM18.ram/DOADO[5]
                         net (fo=3, routed)           0.668     7.718    hash/in1_butt_reg[23][5]
    SLICE_X24Y10         LUT6 (Prop_lut6_I1_O)        0.124     7.842 f  hash/in1_butt[5]_i_3/O
                         net (fo=2, routed)           0.534     8.376    hash/in1_butt[5]_i_3_n_0
    SLICE_X23Y10         LUT5 (Prop_lut5_I4_O)        0.124     8.500 f  hash/in1_butt[5]_i_2_replica/O
                         net (fo=4, routed)           0.532     9.032    hash/ofifo1_req_r1_reg[5]_repN
    SLICE_X20Y9          LUT6 (Prop_lut6_I1_O)        0.124     9.156 r  hash/samp1_q[2]_i_7/O
                         net (fo=2, routed)           0.171     9.327    hash/samp1_q[2]_i_7_n_0
    SLICE_X20Y9          LUT5 (Prop_lut5_I0_O)        0.124     9.451 r  hash/samp1_q[2]_i_5/O
                         net (fo=6, routed)           0.882    10.333    hash/samp1_q[2]_i_5_n_0
    SLICE_X20Y9          LUT5 (Prop_lut5_I1_O)        0.124    10.457 r  hash/samp1_q[1]_i_1/O
                         net (fo=1, routed)           0.000    10.457    ntt/samp1_q_reg[1]_0
    SLICE_X20Y9          FDRE                                         r  ntt/samp1_q_reg[1]/D
  -------------------------------------------------------------------    -------------------

                         (clock clk rise edge)        5.952     5.952 r  
    K18                                               0.000     5.952 r  clk (IN)
                         net (fo=0)                   0.000     5.952    clk
    K18                  IBUF (Prop_ibuf_I_O)         0.798     6.750 r  clk_IBUF_inst/O
                         net (fo=1, routed)           1.862     8.612    clk_IBUF
    BUFGCTRL_X0Y0        BUFG (Prop_bufg_I_O)         0.091     8.703 r  clk_IBUF_BUFG_inst/O
                         net (fo=5150, routed)        1.442    10.145    ntt/clk_IBUF_BUFG
    SLICE_X20Y9          FDRE                                         r  ntt/samp1_q_reg[1]/C
                         clock pessimism              0.322    10.467    
                         clock uncertainty           -0.035    10.431    
    SLICE_X20Y9          FDRE (Setup_fdre_C_D)        0.032    10.463    ntt/samp1_q_reg[1]
  -------------------------------------------------------------------
                         required time                         10.463    
                         arrival time                         -10.457    
  -------------------------------------------------------------------
                         slack                                  0.006    





Min Delay Paths
--------------------------------------------------------------------------------------
Slack (MET) :             0.066ns  (arrival time - required time)
  Source:                 ntt/BU/R1/sum_reg[7]/C
                            (rising edge-triggered cell FDRE clocked by clk  {rise@0.000ns fall@2.976ns period=5.952ns})
  Destination:            ntt/BU/R1/sum_r2_reg[7]_srl2/D
                            (rising edge-triggered cell SRL16E clocked by clk  {rise@0.000ns fall@2.976ns period=5.952ns})
  Path Group:             clk
  Path Type:              Hold (Min at Fast Process Corner)
  Requirement:            0.000ns  (clk rise@0.000ns - clk rise@0.000ns)
  Data Path Delay:        0.285ns  (logic 0.141ns (49.456%)  route 0.144ns (50.544%))
  Logic Levels:           0  
  Clock Path Skew:        0.036ns (DCD - SCD - CPR)
    Destination Clock Delay (DCD):    1.893ns
    Source Clock Delay      (SCD):    1.378ns
    Clock Pessimism Removal (CPR):    0.479ns

    Location             Delay type                Incr(ns)  Path(ns)    Netlist Resource(s)
  -------------------------------------------------------------------    -------------------
                         (clock clk rise edge)        0.000     0.000 r  
    K18                                               0.000     0.000 r  clk (IN)
                         net (fo=0)                   0.000     0.000    clk
    K18                  IBUF (Prop_ibuf_I_O)         0.160     0.160 r  clk_IBUF_inst/O
                         net (fo=1, routed)           0.631     0.791    clk_IBUF
    BUFGCTRL_X0Y0        BUFG (Prop_bufg_I_O)         0.026     0.817 r  clk_IBUF_BUFG_inst/O
                         net (fo=5150, routed)        0.561     1.378    ntt/BU/R1/clk_IBUF_BUFG
    SLICE_X29Y12         FDRE                                         r  ntt/BU/R1/sum_reg[7]/C
  -------------------------------------------------------------------    -------------------
    SLICE_X29Y12         FDRE (Prop_fdre_C_Q)         0.141     1.519 r  ntt/BU/R1/sum_reg[7]/Q
                         net (fo=5, routed)           0.144     1.663    ntt/BU/R1/sum_reg_n_0_[7]
    SLICE_X30Y12         SRL16E                                       r  ntt/BU/R1/sum_r2_reg[7]_srl2/D
  -------------------------------------------------------------------    -------------------

                         (clock clk rise edge)        0.000     0.000 r  
    K18                                               0.000     0.000 r  clk (IN)
                         net (fo=0)                   0.000     0.000    clk
    K18                  IBUF (Prop_ibuf_I_O)         0.348     0.348 r  clk_IBUF_inst/O
                         net (fo=1, routed)           0.685     1.033    clk_IBUF
    BUFGCTRL_X0Y0        BUFG (Prop_bufg_I_O)         0.029     1.062 r  clk_IBUF_BUFG_inst/O
                         net (fo=5150, routed)        0.831     1.893    ntt/BU/R1/clk_IBUF_BUFG
    SLICE_X30Y12         SRL16E                                       r  ntt/BU/R1/sum_r2_reg[7]_srl2/CLK
                         clock pessimism             -0.479     1.414    
    SLICE_X30Y12         SRL16E (Hold_srl16e_CLK_D)
                                                      0.183     1.597    ntt/BU/R1/sum_r2_reg[7]_srl2
  -------------------------------------------------------------------
                         required time                         -1.597    
                         arrival time                           1.663    
  -------------------------------------------------------------------
                         slack                                  0.066    





Pulse Width Checks
--------------------------------------------------------------------------------------
Clock Name:         clk
Waveform(ns):       { 0.000 2.976 }
Period(ns):         5.952
Sources:            { clk }

Check Type        Corner  Lib Pin             Reference Pin  Required(ns)  Actual(ns)  Slack(ns)  Location      Pin
Min Period        n/a     RAMB18E1/CLKARDCLK  n/a            2.944         5.952       3.008      RAMB18_X1Y4   DFIFO0/U0/inst_fifo_gen/gconvfifo.rf/grf.rf/gntv_or_sync_fifo.mem/gbm.gbmg.gbmga.ngecc.bmg/inst_blk_mem_gen/gnbram.gnativebmg.native_blk_mem_gen/valid.cstr/ramloop[0].ram.r/prim_noinit.ram/DEVICE_7SERIES.NO_BMM_INFO.SDP.WIDE_PRIM18.ram/CLKARDCLK
Low Pulse Width   Slow    RAMD64E/CLK         n/a            1.250         2.976       1.726      SLICE_X14Y14  Kyber_Server/fifo_generator_5/<hidden>/<hidden>/<hidden>/<hidden>/<hidden>/<hidden>/<hidden>
High Pulse Width  Slow    RAMD64E/CLK         n/a            1.250         2.976       1.726      SLICE_X14Y14  Kyber_Server/fifo_generator_5/<hidden>/<hidden>/<hidden>/<hidden>/<hidden>/<hidden>/<hidden>



