Copyright 1986-2022 Xilinx, Inc. All Rights Reserved. Copyright 2022-2025 Advanced Micro Devices, Inc. All Rights Reserved.
------------------------------------------------------------------------------------------------------------------------------------------------------------------------------------
| Tool Version : Vivado v.2025.2 (win64) Build 6299465 Fri Nov 14 19:35:11 GMT 2025
| Date         : Sat Aug 22 17:18:20 2026
| Host         : Aysha running 64-bit major release  (build 9200)
| Command      : report_timing -max_paths 10 -file C:/Users/aysha/Desktop/project/CRYSTALS-Kyber/Crystals-kyber/final_5993_168_direct_impl/Kyber_Server_final_impl_top10_timing.rpt
| Design       : Kyber_Server
| Device       : 7a12t-cpg238
| Speed File   : -1  PRODUCTION 1.23 2018-06-13
| Design State : Physopt postRoute
------------------------------------------------------------------------------------------------------------------------------------------------------------------------------------

Timing Report

Slack (MET) :             0.006ns  (required time - arrival time)
  Source:                 DFIFO0/U0/inst_fifo_gen/gconvfifo.rf/grf.rf/gntv_or_sync_fifo.mem/gbm.gbmg.gbmga.ngecc.bmg/inst_blk_mem_gen/gnbram.gnativebmg.native_blk_mem_gen/valid.cstr/ramloop[0].ram.r/prim_noinit.ram/DEVICE_7SERIES.NO_BMM_INFO.SDP.WIDE_PRIM18.ram/CLKARDCLK
                            (rising edge-triggered cell RAMB18E1 clocked by clk  {rise@0.000ns fall@2.976ns period=5.952ns})
  Destination:            ntt/samp1_q_reg[1]/D
                            (rising edge-triggered cell FDRE clocked by clk  {rise@0.000ns fall@2.976ns period=5.952ns})
  Path Group:             clk
  Path Type:              Setup (Max at Slow Process Corner)
  Requirement:            5.952ns  (clk rise@5.952ns - clk rise@0.000ns)
  Data Path Delay:        5.861ns  (logic 3.074ns (52.448%)  route 2.787ns (47.552%))
  Logic Levels:           5  (LUT5=3 LUT6=2)
  Clock Path Skew:        -0.081ns (DCD - SCD + CPR)
    Destination Clock Delay (DCD):    4.193ns = ( 10.145 - 5.952 ) 
    Source Clock Delay      (SCD):    4.596ns
    Clock Pessimism Removal (CPR):    0.322ns
  Clock Uncertainty:      0.035ns  ((TSJ^2 + TIJ^2)^1/2 + DJ) / 2 + PE
    Total System Jitter     (TSJ):    0.071ns
    Total Input Jitter      (TIJ):    0.000ns
    Discrete Jitter          (DJ):    0.000ns
    Phase Error              (PE):    0.000ns

    Location             Delay type                Incr(ns)  Path(ns)    Netlist Resource(s)
  -------------------------------------------------------------------    -------------------
                         (clock clk rise edge)        0.000     0.000 r  
    K18                                               0.000     0.000 r  clk (IN)
                         net (fo=0)                   0.000     0.000    clk
    K18                  IBUF (Prop_ibuf_I_O)         0.931     0.931 r  clk_IBUF_inst/O
                         net (fo=1, routed)           1.966     2.896    clk_IBUF
    BUFGCTRL_X0Y0        BUFG (Prop_bufg_I_O)         0.096     2.992 r  clk_IBUF_BUFG_inst/O
                         net (fo=5150, routed)        1.604     4.596    DFIFO0/U0/inst_fifo_gen/gconvfifo.rf/grf.rf/gntv_or_sync_fifo.mem/gbm.gbmg.gbmga.ngecc.bmg/inst_blk_mem_gen/gnbram.gnativebmg.native_blk_mem_gen/valid.cstr/ramloop[0].ram.r/prim_noinit.ram/clka
    RAMB18_X1Y4          RAMB18E1                                     r  DFIFO0/U0/inst_fifo_gen/gconvfifo.rf/grf.rf/gntv_or_sync_fifo.mem/gbm.gbmg.gbmga.ngecc.bmg/inst_blk_mem_gen/gnbram.gnativebmg.native_blk_mem_gen/valid.cstr/ramloop[0].ram.r/prim_noinit.ram/DEVICE_7SERIES.NO_BMM_INFO.SDP.WIDE_PRIM18.ram/CLKARDCLK
  -------------------------------------------------------------------    -------------------
    RAMB18_X1Y4          RAMB18E1 (Prop_ramb18e1_CLKARDCLK_DOADO[5])
                                                      2.454     7.050 f  DFIFO0/U0/inst_fifo_gen/gconvfifo.rf/grf.rf/gntv_or_sync_fifo.mem/gbm.gbmg.gbmga.ngecc.bmg/inst_blk_mem_gen/gnbram.gnativebmg.native_blk_mem_gen/valid.cstr/ramloop[0].ram.r/prim_noinit.ram/DEVICE_7SERIES.NO_BMM_INFO.SDP.WIDE_PRIM18.ram/DOADO[5]
                         net (fo=3, routed)           0.668     7.718    hash/in1_butt_reg[23][5]
    SLICE_X24Y10         LUT6 (Prop_lut6_I1_O)        0.124     7.842 f  hash/in1_butt[5]_i_3/O
                         net (fo=2, routed)           0.534     8.376    hash/in1_butt[5]_i_3_n_0
    SLICE_X23Y10         LUT5 (Prop_lut5_I4_O)        0.124     8.500 f  hash/in1_butt[5]_i_2_replica/O
                         net (fo=4, routed)           0.532     9.032    hash/ofifo1_req_r1_reg[5]_repN
    SLICE_X20Y9          LUT6 (Prop_lut6_I1_O)        0.124     9.156 r  hash/samp1_q[2]_i_7/O
                         net (fo=2, routed)           0.171     9.327    hash/samp1_q[2]_i_7_n_0
    SLICE_X20Y9          LUT5 (Prop_lut5_I0_O)        0.124     9.451 r  hash/samp1_q[2]_i_5/O
                         net (fo=6, routed)           0.882    10.333    hash/samp1_q[2]_i_5_n_0
    SLICE_X20Y9          LUT5 (Prop_lut5_I1_O)        0.124    10.457 r  hash/samp1_q[1]_i_1/O
                         net (fo=1, routed)           0.000    10.457    ntt/samp1_q_reg[1]_0
    SLICE_X20Y9          FDRE                                         r  ntt/samp1_q_reg[1]/D
  -------------------------------------------------------------------    -------------------

                         (clock clk rise edge)        5.952     5.952 r  
    K18                                               0.000     5.952 r  clk (IN)
                         net (fo=0)                   0.000     5.952    clk
    K18                  IBUF (Prop_ibuf_I_O)         0.798     6.750 r  clk_IBUF_inst/O
                         net (fo=1, routed)           1.862     8.612    clk_IBUF
    BUFGCTRL_X0Y0        BUFG (Prop_bufg_I_O)         0.091     8.703 r  clk_IBUF_BUFG_inst/O
                         net (fo=5150, routed)        1.442    10.145    ntt/clk_IBUF_BUFG
    SLICE_X20Y9          FDRE                                         r  ntt/samp1_q_reg[1]/C
                         clock pessimism              0.322    10.467    
                         clock uncertainty           -0.035    10.431    
    SLICE_X20Y9          FDRE (Setup_fdre_C_D)        0.032    10.463    ntt/samp1_q_reg[1]
  -------------------------------------------------------------------
                         required time                         10.463    
                         arrival time                         -10.457    
  -------------------------------------------------------------------
                         slack                                  0.006    

Slack (MET) :             0.009ns  (required time - arrival time)
  Source:                 ntt/ctrl_butt_reg[1]_replica/C
                            (rising edge-triggered cell FDRE clocked by clk  {rise@0.000ns fall@2.976ns period=5.952ns})
  Destination:            ntt/BU/sum_in0_reg_reg[5]/D
                            (rising edge-triggered cell FDRE clocked by clk  {rise@0.000ns fall@2.976ns period=5.952ns})
  Path Group:             clk
  Path Type:              Setup (Max at Slow Process Corner)
  Requirement:            5.952ns  (clk rise@5.952ns - clk rise@0.000ns)
  Data Path Delay:        5.959ns  (logic 3.058ns (51.313%)  route 2.901ns (48.687%))
  Logic Levels:           9  (CARRY4=5 LUT4=1 LUT5=2 LUT6=1)
  Clock Path Skew:        -0.025ns (DCD - SCD + CPR)
    Destination Clock Delay (DCD):    4.265ns = ( 10.217 - 5.952 ) 
    Source Clock Delay      (SCD):    4.625ns
    Clock Pessimism Removal (CPR):    0.335ns
  Clock Uncertainty:      0.035ns  ((TSJ^2 + TIJ^2)^1/2 + DJ) / 2 + PE
    Total System Jitter     (TSJ):    0.071ns
    Total Input Jitter      (TIJ):    0.000ns
    Discrete Jitter          (DJ):    0.000ns
    Phase Error              (PE):    0.000ns

    Location             Delay type                Incr(ns)  Path(ns)    Netlist Resource(s)
  -------------------------------------------------------------------    -------------------
                         (clock clk rise edge)        0.000     0.000 r  
    K18                                               0.000     0.000 r  clk (IN)
                         net (fo=0)                   0.000     0.000    clk
    K18                  IBUF (Prop_ibuf_I_O)         0.931     0.931 r  clk_IBUF_inst/O
                         net (fo=1, routed)           1.966     2.896    clk_IBUF
    BUFGCTRL_X0Y0        BUFG (Prop_bufg_I_O)         0.096     2.992 r  clk_IBUF_BUFG_inst/O
                         net (fo=5150, routed)        1.632     4.625    ntt/clk_IBUF_BUFG
    SLICE_X35Y3          FDRE                                         r  ntt/ctrl_butt_reg[1]_replica/C
  -------------------------------------------------------------------    -------------------
    SLICE_X35Y3          FDRE (Prop_fdre_C_Q)         0.456     5.081 f  ntt/ctrl_butt_reg[1]_replica/Q
                         net (fo=4, routed)           0.695     5.776    ntt/BU/ctrl_butt_reg_n_0_[1]_repN_alias
    SLICE_X35Y3          LUT5 (Prop_lut5_I0_O)        0.124     5.900 r  ntt/BU/sum_in0_reg[7]_i_7/O
                         net (fo=2, routed)           0.650     6.550    ntt/BU/sum_in0_reg[7]_i_7_n_0
    SLICE_X33Y3          LUT6 (Prop_lut6_I0_O)        0.124     6.674 r  ntt/BU/sum_in0_reg[7]_i_11/O
                         net (fo=1, routed)           0.000     6.674    ntt/BU/sum_in0_reg[7]_i_11_n_0
    SLICE_X33Y3          CARRY4 (Prop_carry4_S[0]_CO[3])
                                                      0.532     7.206 r  ntt/BU/sum_in0_reg_reg[7]_i_3/CO[3]
                         net (fo=1, routed)           0.000     7.206    ntt/BU/sum_in0_reg_reg[7]_i_3_n_0
    SLICE_X33Y4          CARRY4 (Prop_carry4_CI_CO[3])
                                                      0.114     7.320 r  ntt/BU/sum_in0_reg_reg[11]_i_4/CO[3]
                         net (fo=1, routed)           0.000     7.320    ntt/BU/sum_in0_reg_reg[11]_i_4_n_0
    SLICE_X33Y5          CARRY4 (Prop_carry4_CI_O[0])
                                                      0.222     7.542 r  ntt/BU/sum_in0_reg_reg[11]_i_18/O[0]
                         net (fo=7, routed)           0.936     8.478    ntt/BU/sum_in0[12]
    SLICE_X34Y2          LUT4 (Prop_lut4_I3_O)        0.299     8.777 r  ntt/BU/sum_in0_reg[3]_i_4/O
                         net (fo=1, routed)           0.000     8.777    ntt/BU/sum_in0_reg[3]_i_4_n_0
    SLICE_X34Y2          CARRY4 (Prop_carry4_S[1]_CO[3])
                                                      0.550     9.327 r  ntt/BU/sum_in0_reg_reg[3]_i_2/CO[3]
                         net (fo=1, routed)           0.000     9.327    ntt/BU/sum_in0_reg_reg[3]_i_2_n_0
    SLICE_X34Y3          CARRY4 (Prop_carry4_CI_O[1])
                                                      0.334     9.661 r  ntt/BU/sum_in0_reg_reg[7]_i_2/O[1]
                         net (fo=2, routed)           0.620    10.281    ntt/BU/sum_in0_q[5]
    SLICE_X36Y3          LUT5 (Prop_lut5_I0_O)        0.303    10.584 r  ntt/BU/sum_in0_reg[5]_i_1/O
                         net (fo=1, routed)           0.000    10.584    ntt/BU/sum_in0_reg[5]_i_1_n_0
    SLICE_X36Y3          FDRE                                         r  ntt/BU/sum_in0_reg_reg[5]/D
  -------------------------------------------------------------------    -------------------

                         (clock clk rise edge)        5.952     5.952 r  
    K18                                               0.000     5.952 r  clk (IN)
                         net (fo=0)                   0.000     5.952    clk
    K18                  IBUF (Prop_ibuf_I_O)         0.798     6.750 r  clk_IBUF_inst/O
                         net (fo=1, routed)           1.862     8.612    clk_IBUF
    BUFGCTRL_X0Y0        BUFG (Prop_bufg_I_O)         0.091     8.703 r  clk_IBUF_BUFG_inst/O
                         net (fo=5150, routed)        1.514    10.217    ntt/BU/clk_IBUF_BUFG
    SLICE_X36Y3          FDRE                                         r  ntt/BU/sum_in0_reg_reg[5]/C
                         clock pessimism              0.335    10.552    
                         clock uncertainty           -0.035    10.516    
    SLICE_X36Y3          FDRE (Setup_fdre_C_D)        0.077    10.593    ntt/BU/sum_in0_reg_reg[5]
  -------------------------------------------------------------------
                         required time                         10.593    
                         arrival time                         -10.584    
  -------------------------------------------------------------------
                         slack                                  0.009    

Slack (MET) :             0.012ns  (required time - arrival time)
  Source:                 ntt/ctrl_butt_reg[1]_replica/C
                            (rising edge-triggered cell FDRE clocked by clk  {rise@0.000ns fall@2.976ns period=5.952ns})
  Destination:            ntt/BU/sum_in0_reg_reg[11]/D
                            (rising edge-triggered cell FDRE clocked by clk  {rise@0.000ns fall@2.976ns period=5.952ns})
  Path Group:             clk
  Path Type:              Setup (Max at Slow Process Corner)
  Requirement:            5.952ns  (clk rise@5.952ns - clk rise@0.000ns)
  Data Path Delay:        5.911ns  (logic 3.154ns (53.358%)  route 2.757ns (46.642%))
  Logic Levels:           10  (CARRY4=6 LUT4=1 LUT5=2 LUT6=1)
  Clock Path Skew:        -0.025ns (DCD - SCD + CPR)
    Destination Clock Delay (DCD):    4.265ns = ( 10.217 - 5.952 ) 
    Source Clock Delay      (SCD):    4.625ns
    Clock Pessimism Removal (CPR):    0.335ns
  Clock Uncertainty:      0.035ns  ((TSJ^2 + TIJ^2)^1/2 + DJ) / 2 + PE
    Total System Jitter     (TSJ):    0.071ns
    Total Input Jitter      (TIJ):    0.000ns
    Discrete Jitter          (DJ):    0.000ns
    Phase Error              (PE):    0.000ns

    Location             Delay type                Incr(ns)  Path(ns)    Netlist Resource(s)
  -------------------------------------------------------------------    -------------------
                         (clock clk rise edge)        0.000     0.000 r  
    K18                                               0.000     0.000 r  clk (IN)
                         net (fo=0)                   0.000     0.000    clk
    K18                  IBUF (Prop_ibuf_I_O)         0.931     0.931 r  clk_IBUF_inst/O
                         net (fo=1, routed)           1.966     2.896    clk_IBUF
    BUFGCTRL_X0Y0        BUFG (Prop_bufg_I_O)         0.096     2.992 r  clk_IBUF_BUFG_inst/O
                         net (fo=5150, routed)        1.632     4.625    ntt/clk_IBUF_BUFG
    SLICE_X35Y3          FDRE                                         r  ntt/ctrl_butt_reg[1]_replica/C
  -------------------------------------------------------------------    -------------------
    SLICE_X35Y3          FDRE (Prop_fdre_C_Q)         0.456     5.081 f  ntt/ctrl_butt_reg[1]_replica/Q
                         net (fo=4, routed)           0.695     5.776    ntt/BU/ctrl_butt_reg_n_0_[1]_repN_alias
    SLICE_X35Y3          LUT5 (Prop_lut5_I0_O)        0.124     5.900 r  ntt/BU/sum_in0_reg[7]_i_7/O
                         net (fo=2, routed)           0.650     6.550    ntt/BU/sum_in0_reg[7]_i_7_n_0
    SLICE_X33Y3          LUT6 (Prop_lut6_I0_O)        0.124     6.674 r  ntt/BU/sum_in0_reg[7]_i_11/O
                         net (fo=1, routed)           0.000     6.674    ntt/BU/sum_in0_reg[7]_i_11_n_0
    SLICE_X33Y3          CARRY4 (Prop_carry4_S[0]_CO[3])
                                                      0.532     7.206 r  ntt/BU/sum_in0_reg_reg[7]_i_3/CO[3]
                         net (fo=1, routed)           0.000     7.206    ntt/BU/sum_in0_reg_reg[7]_i_3_n_0
    SLICE_X33Y4          CARRY4 (Prop_carry4_CI_CO[3])
                                                      0.114     7.320 r  ntt/BU/sum_in0_reg_reg[11]_i_4/CO[3]
                         net (fo=1, routed)           0.000     7.320    ntt/BU/sum_in0_reg_reg[11]_i_4_n_0
    SLICE_X33Y5          CARRY4 (Prop_carry4_CI_O[0])
                                                      0.222     7.542 r  ntt/BU/sum_in0_reg_reg[11]_i_18/O[0]
                         net (fo=7, routed)           0.936     8.478    ntt/BU/sum_in0[12]
    SLICE_X34Y2          LUT4 (Prop_lut4_I3_O)        0.299     8.777 r  ntt/BU/sum_in0_reg[3]_i_4/O
                         net (fo=1, routed)           0.000     8.777    ntt/BU/sum_in0_reg[3]_i_4_n_0
    SLICE_X34Y2          CARRY4 (Prop_carry4_S[1]_CO[3])
                                                      0.550     9.327 r  ntt/BU/sum_in0_reg_reg[3]_i_2/CO[3]
                         net (fo=1, routed)           0.000     9.327    ntt/BU/sum_in0_reg_reg[3]_i_2_n_0
    SLICE_X34Y3          CARRY4 (Prop_carry4_CI_CO[3])
                                                      0.114     9.441 r  ntt/BU/sum_in0_reg_reg[7]_i_2/CO[3]
                         net (fo=1, routed)           0.000     9.441    ntt/BU/sum_in0_reg_reg[7]_i_2_n_0
    SLICE_X34Y4          CARRY4 (Prop_carry4_CI_O[3])
                                                      0.313     9.754 r  ntt/BU/sum_in0_reg_reg[11]_i_2/O[3]
                         net (fo=2, routed)           0.476    10.230    ntt/BU/sum_in0_q[11]
    SLICE_X35Y4          LUT5 (Prop_lut5_I0_O)        0.306    10.536 r  ntt/BU/sum_in0_reg[11]_i_1/O
                         net (fo=1, routed)           0.000    10.536    ntt/BU/sum_in0_reg[11]_i_1_n_0
    SLICE_X35Y4          FDRE                                         r  ntt/BU/sum_in0_reg_reg[11]/D
  -------------------------------------------------------------------    -------------------

                         (clock clk rise edge)        5.952     5.952 r  
    K18                                               0.000     5.952 r  clk (IN)
                         net (fo=0)                   0.000     5.952    clk
    K18                  IBUF (Prop_ibuf_I_O)         0.798     6.750 r  clk_IBUF_inst/O
                         net (fo=1, routed)           1.862     8.612    clk_IBUF
    BUFGCTRL_X0Y0        BUFG (Prop_bufg_I_O)         0.091     8.703 r  clk_IBUF_BUFG_inst/O
                         net (fo=5150, routed)        1.514    10.217    ntt/BU/clk_IBUF_BUFG
    SLICE_X35Y4          FDRE                                         r  ntt/BU/sum_in0_reg_reg[11]/C
                         clock pessimism              0.335    10.552    
                         clock uncertainty           -0.035    10.516    
    SLICE_X35Y4          FDRE (Setup_fdre_C_D)        0.031    10.547    ntt/BU/sum_in0_reg_reg[11]
  -------------------------------------------------------------------
                         required time                         10.547    
                         arrival time                         -10.536    
  -------------------------------------------------------------------
                         slack                                  0.012    

Slack (MET) :             0.012ns  (required time - arrival time)
  Source:                 ntt/ctrl_butt_reg[1]_replica/C
                            (rising edge-triggered cell FDRE clocked by clk  {rise@0.000ns fall@2.976ns period=5.952ns})
  Destination:            ntt/BU/sum_in0_reg_reg[8]/D
                            (rising edge-triggered cell FDRE clocked by clk  {rise@0.000ns fall@2.976ns period=5.952ns})
  Path Group:             clk
  Path Type:              Setup (Max at Slow Process Corner)
  Requirement:            5.952ns  (clk rise@5.952ns - clk rise@0.000ns)
  Data Path Delay:        5.960ns  (logic 3.056ns (51.272%)  route 2.904ns (48.728%))
  Logic Levels:           10  (CARRY4=6 LUT4=1 LUT5=2 LUT6=1)
  Clock Path Skew:        -0.025ns (DCD - SCD + CPR)
    Destination Clock Delay (DCD):    4.265ns = ( 10.217 - 5.952 ) 
    Source Clock Delay      (SCD):    4.625ns
    Clock Pessimism Removal (CPR):    0.335ns
  Clock Uncertainty:      0.035ns  ((TSJ^2 + TIJ^2)^1/2 + DJ) / 2 + PE
    Total System Jitter     (TSJ):    0.071ns
    Total Input Jitter      (TIJ):    0.000ns
    Discrete Jitter          (DJ):    0.000ns
    Phase Error              (PE):    0.000ns

    Location             Delay type                Incr(ns)  Path(ns)    Netlist Resource(s)
  -------------------------------------------------------------------    -------------------
                         (clock clk rise edge)        0.000     0.000 r  
    K18                                               0.000     0.000 r  clk (IN)
                         net (fo=0)                   0.000     0.000    clk
    K18                  IBUF (Prop_ibuf_I_O)         0.931     0.931 r  clk_IBUF_inst/O
                         net (fo=1, routed)           1.966     2.896    clk_IBUF
    BUFGCTRL_X0Y0        BUFG (Prop_bufg_I_O)         0.096     2.992 r  clk_IBUF_BUFG_inst/O
                         net (fo=5150, routed)        1.632     4.625    ntt/clk_IBUF_BUFG
    SLICE_X35Y3          FDRE                                         r  ntt/ctrl_butt_reg[1]_replica/C
  -------------------------------------------------------------------    -------------------
    SLICE_X35Y3          FDRE (Prop_fdre_C_Q)         0.456     5.081 f  ntt/ctrl_butt_reg[1]_replica/Q
                         net (fo=4, routed)           0.695     5.776    ntt/BU/ctrl_butt_reg_n_0_[1]_repN_alias
    SLICE_X35Y3          LUT5 (Prop_lut5_I0_O)        0.124     5.900 r  ntt/BU/sum_in0_reg[7]_i_7/O
                         net (fo=2, routed)           0.650     6.550    ntt/BU/sum_in0_reg[7]_i_7_n_0
    SLICE_X33Y3          LUT6 (Prop_lut6_I0_O)        0.124     6.674 r  ntt/BU/sum_in0_reg[7]_i_11/O
                         net (fo=1, routed)           0.000     6.674    ntt/BU/sum_in0_reg[7]_i_11_n_0
    SLICE_X33Y3          CARRY4 (Prop_carry4_S[0]_CO[3])
                                                      0.532     7.206 r  ntt/BU/sum_in0_reg_reg[7]_i_3/CO[3]
                         net (fo=1, routed)           0.000     7.206    ntt/BU/sum_in0_reg_reg[7]_i_3_n_0
    SLICE_X33Y4          CARRY4 (Prop_carry4_CI_CO[3])
                                                      0.114     7.320 r  ntt/BU/sum_in0_reg_reg[11]_i_4/CO[3]
                         net (fo=1, routed)           0.000     7.320    ntt/BU/sum_in0_reg_reg[11]_i_4_n_0
    SLICE_X33Y5          CARRY4 (Prop_carry4_CI_O[0])
                                                      0.222     7.542 r  ntt/BU/sum_in0_reg_reg[11]_i_18/O[0]
                         net (fo=7, routed)           0.936     8.478    ntt/BU/sum_in0[12]
    SLICE_X34Y2          LUT4 (Prop_lut4_I3_O)        0.299     8.777 r  ntt/BU/sum_in0_reg[3]_i_4/O
                         net (fo=1, routed)           0.000     8.777    ntt/BU/sum_in0_reg[3]_i_4_n_0
    SLICE_X34Y2          CARRY4 (Prop_carry4_S[1]_CO[3])
                                                      0.550     9.327 r  ntt/BU/sum_in0_reg_reg[3]_i_2/CO[3]
                         net (fo=1, routed)           0.000     9.327    ntt/BU/sum_in0_reg_reg[3]_i_2_n_0
    SLICE_X34Y3          CARRY4 (Prop_carry4_CI_CO[3])
                                                      0.114     9.441 r  ntt/BU/sum_in0_reg_reg[7]_i_2/CO[3]
                         net (fo=1, routed)           0.000     9.441    ntt/BU/sum_in0_reg_reg[7]_i_2_n_0
    SLICE_X34Y4          CARRY4 (Prop_carry4_CI_O[0])
                                                      0.222     9.663 r  ntt/BU/sum_in0_reg_reg[11]_i_2/O[0]
                         net (fo=2, routed)           0.623    10.286    ntt/BU/sum_in0_q[8]
    SLICE_X36Y4          LUT5 (Prop_lut5_I0_O)        0.299    10.585 r  ntt/BU/sum_in0_reg[8]_i_1/O
                         net (fo=1, routed)           0.000    10.585    ntt/BU/sum_in0_reg[8]_i_1_n_0
    SLICE_X36Y4          FDRE                                         r  ntt/BU/sum_in0_reg_reg[8]/D
  -------------------------------------------------------------------    -------------------

                         (clock clk rise edge)        5.952     5.952 r  
    K18                                               0.000     5.952 r  clk (IN)
                         net (fo=0)                   0.000     5.952    clk
    K18                  IBUF (Prop_ibuf_I_O)         0.798     6.750 r  clk_IBUF_inst/O
                         net (fo=1, routed)           1.862     8.612    clk_IBUF
    BUFGCTRL_X0Y0        BUFG (Prop_bufg_I_O)         0.091     8.703 r  clk_IBUF_BUFG_inst/O
                         net (fo=5150, routed)        1.514    10.217    ntt/BU/clk_IBUF_BUFG
    SLICE_X36Y4          FDRE                                         r  ntt/BU/sum_in0_reg_reg[8]/C
                         clock pessimism              0.335    10.552    
                         clock uncertainty           -0.035    10.516    
    SLICE_X36Y4          FDRE (Setup_fdre_C_D)        0.081    10.597    ntt/BU/sum_in0_reg_reg[8]
  -------------------------------------------------------------------
                         required time                         10.597    
                         arrival time                         -10.585    
  -------------------------------------------------------------------
                         slack                                  0.012    

Slack (MET) :             0.022ns  (required time - arrival time)
  Source:                 hash/squeeze_ctr_reg[3]/C
                            (rising edge-triggered cell FDRE clocked by clk  {rise@0.000ns fall@2.976ns period=5.952ns})
  Destination:            state_reg[0]_replica/D
                            (rising edge-triggered cell FDRE clocked by clk  {rise@0.000ns fall@2.976ns period=5.952ns})
  Path Group:             clk
  Path Type:              Setup (Max at Slow Process Corner)
  Requirement:            5.952ns  (clk rise@5.952ns - clk rise@0.000ns)
  Data Path Delay:        5.753ns  (logic 1.450ns (25.203%)  route 4.303ns (74.797%))
  Logic Levels:           5  (LUT4=1 LUT6=4)
  Clock Path Skew:        -0.110ns (DCD - SCD + CPR)
    Destination Clock Delay (DCD):    4.184ns = ( 10.136 - 5.952 ) 
    Source Clock Delay      (SCD):    4.544ns
    Clock Pessimism Removal (CPR):    0.250ns
  Clock Uncertainty:      0.035ns  ((TSJ^2 + TIJ^2)^1/2 + DJ) / 2 + PE
    Total System Jitter     (TSJ):    0.071ns
    Total Input Jitter      (TIJ):    0.000ns
    Discrete Jitter          (DJ):    0.000ns
    Phase Error              (PE):    0.000ns

    Location             Delay type                Incr(ns)  Path(ns)    Netlist Resource(s)
  -------------------------------------------------------------------    -------------------
                         (clock clk rise edge)        0.000     0.000 r  
    K18                                               0.000     0.000 r  clk (IN)
                         net (fo=0)                   0.000     0.000    clk
    K18                  IBUF (Prop_ibuf_I_O)         0.931     0.931 r  clk_IBUF_inst/O
                         net (fo=1, routed)           1.966     2.896    clk_IBUF
    BUFGCTRL_X0Y0        BUFG (Prop_bufg_I_O)         0.096     2.992 r  clk_IBUF_BUFG_inst/O
                         net (fo=5150, routed)        1.551     4.544    hash/clk_IBUF_BUFG
    SLICE_X17Y18         FDRE                                         r  hash/squeeze_ctr_reg[3]/C
  -------------------------------------------------------------------    -------------------
    SLICE_X17Y18         FDRE (Prop_fdre_C_Q)         0.419     4.963 f  hash/squeeze_ctr_reg[3]/Q
                         net (fo=13, routed)          0.753     5.715    hash/squeeze_ctr[3]
    SLICE_X17Y18         LUT4 (Prop_lut4_I2_O)        0.327     6.042 r  hash/state[0]_i_25/O
                         net (fo=1, routed)           0.826     6.868    hash/state[0]_i_25_n_0
    SLICE_X15Y18         LUT6 (Prop_lut6_I4_O)        0.332     7.200 r  hash/state[0]_i_22/O
                         net (fo=1, routed)           0.409     7.609    hash/state[0]_i_22_n_0
    SLICE_X15Y16         LUT6 (Prop_lut6_I2_O)        0.124     7.733 r  hash/state[0]_i_14__0/O
                         net (fo=1, routed)           0.860     8.593    hash/state[0]_i_14__0_n_0
    SLICE_X16Y16         LUT6 (Prop_lut6_I0_O)        0.124     8.717 r  hash/state[0]_i_7__0/O
                         net (fo=1, routed)           0.643     9.360    hash/hash/FSM/state_reg[0]_2
    SLICE_X17Y16         LUT6 (Prop_lut6_I5_O)        0.124     9.484 r  hash/hash/FSM/state[0]_i_1__2/O
                         net (fo=4, routed)           0.813    10.297    hash_n_66
    SLICE_X10Y18         FDRE                                         r  state_reg[0]_replica/D
  -------------------------------------------------------------------    -------------------

                         (clock clk rise edge)        5.952     5.952 r  
    K18                                               0.000     5.952 r  clk (IN)
                         net (fo=0)                   0.000     5.952    clk
    K18                  IBUF (Prop_ibuf_I_O)         0.798     6.750 r  clk_IBUF_inst/O
                         net (fo=1, routed)           1.862     8.612    clk_IBUF
    BUFGCTRL_X0Y0        BUFG (Prop_bufg_I_O)         0.091     8.703 r  clk_IBUF_BUFG_inst/O
                         net (fo=5150, routed)        1.433    10.136    clk_IBUF_BUFG
    SLICE_X10Y18         FDRE                                         r  state_reg[0]_replica/C
                         clock pessimism              0.250    10.386    
                         clock uncertainty           -0.035    10.350    
    SLICE_X10Y18         FDRE (Setup_fdre_C_D)       -0.031    10.319    state_reg[0]_replica
  -------------------------------------------------------------------
                         required time                         10.319    
                         arrival time                         -10.297    
  -------------------------------------------------------------------
                         slack                                  0.022    

Slack (MET) :             0.023ns  (required time - arrival time)
  Source:                 DFIFO0/U0/inst_fifo_gen/gconvfifo.rf/grf.rf/gntv_or_sync_fifo.mem/gbm.gbmg.gbmga.ngecc.bmg/inst_blk_mem_gen/gnbram.gnativebmg.native_blk_mem_gen/valid.cstr/ramloop[0].ram.r/prim_noinit.ram/DEVICE_7SERIES.NO_BMM_INFO.SDP.WIDE_PRIM18.ram/CLKARDCLK
                            (rising edge-triggered cell RAMB18E1 clocked by clk  {rise@0.000ns fall@2.976ns period=5.952ns})
  Destination:            ntt/samp1_q_reg[2]/D
                            (rising edge-triggered cell FDRE clocked by clk  {rise@0.000ns fall@2.976ns period=5.952ns})
  Path Group:             clk
  Path Type:              Setup (Max at Slow Process Corner)
  Requirement:            5.952ns  (clk rise@5.952ns - clk rise@0.000ns)
  Data Path Delay:        5.887ns  (logic 3.100ns (52.658%)  route 2.787ns (47.342%))
  Logic Levels:           5  (LUT5=3 LUT6=2)
  Clock Path Skew:        -0.081ns (DCD - SCD + CPR)
    Destination Clock Delay (DCD):    4.193ns = ( 10.145 - 5.952 ) 
    Source Clock Delay      (SCD):    4.596ns
    Clock Pessimism Removal (CPR):    0.322ns
  Clock Uncertainty:      0.035ns  ((TSJ^2 + TIJ^2)^1/2 + DJ) / 2 + PE
    Total System Jitter     (TSJ):    0.071ns
    Total Input Jitter      (TIJ):    0.000ns
    Discrete Jitter          (DJ):    0.000ns
    Phase Error              (PE):    0.000ns

    Location             Delay type                Incr(ns)  Path(ns)    Netlist Resource(s)
  -------------------------------------------------------------------    -------------------
                         (clock clk rise edge)        0.000     0.000 r  
    K18                                               0.000     0.000 r  clk (IN)
                         net (fo=0)                   0.000     0.000    clk
    K18                  IBUF (Prop_ibuf_I_O)         0.931     0.931 r  clk_IBUF_inst/O
                         net (fo=1, routed)           1.966     2.896    clk_IBUF
    BUFGCTRL_X0Y0        BUFG (Prop_bufg_I_O)         0.096     2.992 r  clk_IBUF_BUFG_inst/O
                         net (fo=5150, routed)        1.604     4.596    DFIFO0/U0/inst_fifo_gen/gconvfifo.rf/grf.rf/gntv_or_sync_fifo.mem/gbm.gbmg.gbmga.ngecc.bmg/inst_blk_mem_gen/gnbram.gnativebmg.native_blk_mem_gen/valid.cstr/ramloop[0].ram.r/prim_noinit.ram/clka
    RAMB18_X1Y4          RAMB18E1                                     r  DFIFO0/U0/inst_fifo_gen/gconvfifo.rf/grf.rf/gntv_or_sync_fifo.mem/gbm.gbmg.gbmga.ngecc.bmg/inst_blk_mem_gen/gnbram.gnativebmg.native_blk_mem_gen/valid.cstr/ramloop[0].ram.r/prim_noinit.ram/DEVICE_7SERIES.NO_BMM_INFO.SDP.WIDE_PRIM18.ram/CLKARDCLK
  -------------------------------------------------------------------    -------------------
    RAMB18_X1Y4          RAMB18E1 (Prop_ramb18e1_CLKARDCLK_DOADO[5])
                                                      2.454     7.050 f  DFIFO0/U0/inst_fifo_gen/gconvfifo.rf/grf.rf/gntv_or_sync_fifo.mem/gbm.gbmg.gbmga.ngecc.bmg/inst_blk_mem_gen/gnbram.gnativebmg.native_blk_mem_gen/valid.cstr/ramloop[0].ram.r/prim_noinit.ram/DEVICE_7SERIES.NO_BMM_INFO.SDP.WIDE_PRIM18.ram/DOADO[5]
                         net (fo=3, routed)           0.668     7.718    hash/in1_butt_reg[23][5]
    SLICE_X24Y10         LUT6 (Prop_lut6_I1_O)        0.124     7.842 f  hash/in1_butt[5]_i_3/O
                         net (fo=2, routed)           0.534     8.376    hash/in1_butt[5]_i_3_n_0
    SLICE_X23Y10         LUT5 (Prop_lut5_I4_O)        0.124     8.500 f  hash/in1_butt[5]_i_2_replica/O
                         net (fo=4, routed)           0.532     9.032    hash/ofifo1_req_r1_reg[5]_repN
    SLICE_X20Y9          LUT6 (Prop_lut6_I1_O)        0.124     9.156 r  hash/samp1_q[2]_i_7/O
                         net (fo=2, routed)           0.171     9.327    hash/samp1_q[2]_i_7_n_0
    SLICE_X20Y9          LUT5 (Prop_lut5_I0_O)        0.124     9.451 r  hash/samp1_q[2]_i_5/O
                         net (fo=6, routed)           0.882    10.333    hash/samp1_q[2]_i_5_n_0
    SLICE_X20Y9          LUT5 (Prop_lut5_I3_O)        0.150    10.483 r  hash/samp1_q[2]_i_1/O
                         net (fo=1, routed)           0.000    10.483    ntt/samp1_q_reg[2]_0
    SLICE_X20Y9          FDRE                                         r  ntt/samp1_q_reg[2]/D
  -------------------------------------------------------------------    -------------------

                         (clock clk rise edge)        5.952     5.952 r  
    K18                                               0.000     5.952 r  clk (IN)
                         net (fo=0)                   0.000     5.952    clk
    K18                  IBUF (Prop_ibuf_I_O)         0.798     6.750 r  clk_IBUF_inst/O
                         net (fo=1, routed)           1.862     8.612    clk_IBUF
    BUFGCTRL_X0Y0        BUFG (Prop_bufg_I_O)         0.091     8.703 r  clk_IBUF_BUFG_inst/O
                         net (fo=5150, routed)        1.442    10.145    ntt/clk_IBUF_BUFG
    SLICE_X20Y9          FDRE                                         r  ntt/samp1_q_reg[2]/C
                         clock pessimism              0.322    10.467    
                         clock uncertainty           -0.035    10.431    
    SLICE_X20Y9          FDRE (Setup_fdre_C_D)        0.075    10.506    ntt/samp1_q_reg[2]
  -------------------------------------------------------------------
                         required time                         10.506    
                         arrival time                         -10.483    
  -------------------------------------------------------------------
                         slack                                  0.023    

Slack (MET) :             0.036ns  (required time - arrival time)
  Source:                 ntt/ctrl_butt_reg[1]_replica/C
                            (rising edge-triggered cell FDRE clocked by clk  {rise@0.000ns fall@2.976ns period=5.952ns})
  Destination:            ntt/BU/sum_in0_reg_reg[9]/D
                            (rising edge-triggered cell FDRE clocked by clk  {rise@0.000ns fall@2.976ns period=5.952ns})
  Path Group:             clk
  Path Type:              Setup (Max at Slow Process Corner)
  Requirement:            5.952ns  (clk rise@5.952ns - clk rise@0.000ns)
  Data Path Delay:        5.888ns  (logic 3.172ns (53.872%)  route 2.716ns (46.128%))
  Logic Levels:           10  (CARRY4=6 LUT4=1 LUT5=2 LUT6=1)
  Clock Path Skew:        -0.025ns (DCD - SCD + CPR)
    Destination Clock Delay (DCD):    4.265ns = ( 10.217 - 5.952 ) 
    Source Clock Delay      (SCD):    4.625ns
    Clock Pessimism Removal (CPR):    0.335ns
  Clock Uncertainty:      0.035ns  ((TSJ^2 + TIJ^2)^1/2 + DJ) / 2 + PE
    Total System Jitter     (TSJ):    0.071ns
    Total Input Jitter      (TIJ):    0.000ns
    Discrete Jitter          (DJ):    0.000ns
    Phase Error              (PE):    0.000ns

    Location             Delay type                Incr(ns)  Path(ns)    Netlist Resource(s)
  -------------------------------------------------------------------    -------------------
                         (clock clk rise edge)        0.000     0.000 r  
    K18                                               0.000     0.000 r  clk (IN)
                         net (fo=0)                   0.000     0.000    clk
    K18                  IBUF (Prop_ibuf_I_O)         0.931     0.931 r  clk_IBUF_inst/O
                         net (fo=1, routed)           1.966     2.896    clk_IBUF
    BUFGCTRL_X0Y0        BUFG (Prop_bufg_I_O)         0.096     2.992 r  clk_IBUF_BUFG_inst/O
                         net (fo=5150, routed)        1.632     4.625    ntt/clk_IBUF_BUFG
    SLICE_X35Y3          FDRE                                         r  ntt/ctrl_butt_reg[1]_replica/C
  -------------------------------------------------------------------    -------------------
    SLICE_X35Y3          FDRE (Prop_fdre_C_Q)         0.456     5.081 f  ntt/ctrl_butt_reg[1]_replica/Q
                         net (fo=4, routed)           0.695     5.776    ntt/BU/ctrl_butt_reg_n_0_[1]_repN_alias
    SLICE_X35Y3          LUT5 (Prop_lut5_I0_O)        0.124     5.900 r  ntt/BU/sum_in0_reg[7]_i_7/O
                         net (fo=2, routed)           0.650     6.550    ntt/BU/sum_in0_reg[7]_i_7_n_0
    SLICE_X33Y3          LUT6 (Prop_lut6_I0_O)        0.124     6.674 r  ntt/BU/sum_in0_reg[7]_i_11/O
                         net (fo=1, routed)           0.000     6.674    ntt/BU/sum_in0_reg[7]_i_11_n_0
    SLICE_X33Y3          CARRY4 (Prop_carry4_S[0]_CO[3])
                                                      0.532     7.206 r  ntt/BU/sum_in0_reg_reg[7]_i_3/CO[3]
                         net (fo=1, routed)           0.000     7.206    ntt/BU/sum_in0_reg_reg[7]_i_3_n_0
    SLICE_X33Y4          CARRY4 (Prop_carry4_CI_CO[3])
                                                      0.114     7.320 r  ntt/BU/sum_in0_reg_reg[11]_i_4/CO[3]
                         net (fo=1, routed)           0.000     7.320    ntt/BU/sum_in0_reg_reg[11]_i_4_n_0
    SLICE_X33Y5          CARRY4 (Prop_carry4_CI_O[0])
                                                      0.222     7.542 r  ntt/BU/sum_in0_reg_reg[11]_i_18/O[0]
                         net (fo=7, routed)           0.936     8.478    ntt/BU/sum_in0[12]
    SLICE_X34Y2          LUT4 (Prop_lut4_I3_O)        0.299     8.777 r  ntt/BU/sum_in0_reg[3]_i_4/O
                         net (fo=1, routed)           0.000     8.777    ntt/BU/sum_in0_reg[3]_i_4_n_0
    SLICE_X34Y2          CARRY4 (Prop_carry4_S[1]_CO[3])
                                                      0.550     9.327 r  ntt/BU/sum_in0_reg_reg[3]_i_2/CO[3]
                         net (fo=1, routed)           0.000     9.327    ntt/BU/sum_in0_reg_reg[3]_i_2_n_0
    SLICE_X34Y3          CARRY4 (Prop_carry4_CI_CO[3])
                                                      0.114     9.441 r  ntt/BU/sum_in0_reg_reg[7]_i_2/CO[3]
                         net (fo=1, routed)           0.000     9.441    ntt/BU/sum_in0_reg_reg[7]_i_2_n_0
    SLICE_X34Y4          CARRY4 (Prop_carry4_CI_O[1])
                                                      0.334     9.775 r  ntt/BU/sum_in0_reg_reg[11]_i_2/O[1]
                         net (fo=2, routed)           0.435    10.210    ntt/BU/sum_in0_q[9]
    SLICE_X37Y3          LUT5 (Prop_lut5_I0_O)        0.303    10.513 r  ntt/BU/sum_in0_reg[9]_i_1/O
                         net (fo=1, routed)           0.000    10.513    ntt/BU/sum_in0_reg[9]_i_1_n_0
    SLICE_X37Y3          FDRE                                         r  ntt/BU/sum_in0_reg_reg[9]/D
  -------------------------------------------------------------------    -------------------

                         (clock clk rise edge)        5.952     5.952 r  
    K18                                               0.000     5.952 r  clk (IN)
                         net (fo=0)                   0.000     5.952    clk
    K18                  IBUF (Prop_ibuf_I_O)         0.798     6.750 r  clk_IBUF_inst/O
                         net (fo=1, routed)           1.862     8.612    clk_IBUF
    BUFGCTRL_X0Y0        BUFG (Prop_bufg_I_O)         0.091     8.703 r  clk_IBUF_BUFG_inst/O
                         net (fo=5150, routed)        1.514    10.217    ntt/BU/clk_IBUF_BUFG
    SLICE_X37Y3          FDRE                                         r  ntt/BU/sum_in0_reg_reg[9]/C
                         clock pessimism              0.335    10.552    
                         clock uncertainty           -0.035    10.516    
    SLICE_X37Y3          FDRE (Setup_fdre_C_D)        0.032    10.548    ntt/BU/sum_in0_reg_reg[9]
  -------------------------------------------------------------------
                         required time                         10.548    
                         arrival time                         -10.513    
  -------------------------------------------------------------------
                         slack                                  0.036    

Slack (MET) :             0.037ns  (required time - arrival time)
  Source:                 DFIFO0/U0/inst_fifo_gen/gconvfifo.rf/grf.rf/gntv_or_sync_fifo.mem/gbm.gbmg.gbmga.ngecc.bmg/inst_blk_mem_gen/gnbram.gnativebmg.native_blk_mem_gen/valid.cstr/ramloop[0].ram.r/prim_noinit.ram/DEVICE_7SERIES.NO_BMM_INFO.SDP.WIDE_PRIM18.ram/CLKARDCLK
                            (rising edge-triggered cell RAMB18E1 clocked by clk  {rise@0.000ns fall@2.976ns period=5.952ns})
  Destination:            ntt/samp1_q_reg[0]/D
                            (rising edge-triggered cell FDRE clocked by clk  {rise@0.000ns fall@2.976ns period=5.952ns})
  Path Group:             clk
  Path Type:              Setup (Max at Slow Process Corner)
  Requirement:            5.952ns  (clk rise@5.952ns - clk rise@0.000ns)
  Data Path Delay:        5.827ns  (logic 3.074ns (52.751%)  route 2.753ns (47.249%))
  Logic Levels:           5  (LUT5=2 LUT6=3)
  Clock Path Skew:        -0.081ns (DCD - SCD + CPR)
    Destination Clock Delay (DCD):    4.193ns = ( 10.145 - 5.952 ) 
    Source Clock Delay      (SCD):    4.596ns
    Clock Pessimism Removal (CPR):    0.322ns
  Clock Uncertainty:      0.035ns  ((TSJ^2 + TIJ^2)^1/2 + DJ) / 2 + PE
    Total System Jitter     (TSJ):    0.071ns
    Total Input Jitter      (TIJ):    0.000ns
    Discrete Jitter          (DJ):    0.000ns
    Phase Error              (PE):    0.000ns

    Location             Delay type                Incr(ns)  Path(ns)    Netlist Resource(s)
  -------------------------------------------------------------------    -------------------
                         (clock clk rise edge)        0.000     0.000 r  
    K18                                               0.000     0.000 r  clk (IN)
                         net (fo=0)                   0.000     0.000    clk
    K18                  IBUF (Prop_ibuf_I_O)         0.931     0.931 r  clk_IBUF_inst/O
                         net (fo=1, routed)           1.966     2.896    clk_IBUF
    BUFGCTRL_X0Y0        BUFG (Prop_bufg_I_O)         0.096     2.992 r  clk_IBUF_BUFG_inst/O
                         net (fo=5150, routed)        1.604     4.596    DFIFO0/U0/inst_fifo_gen/gconvfifo.rf/grf.rf/gntv_or_sync_fifo.mem/gbm.gbmg.gbmga.ngecc.bmg/inst_blk_mem_gen/gnbram.gnativebmg.native_blk_mem_gen/valid.cstr/ramloop[0].ram.r/prim_noinit.ram/clka
    RAMB18_X1Y4          RAMB18E1                                     r  DFIFO0/U0/inst_fifo_gen/gconvfifo.rf/grf.rf/gntv_or_sync_fifo.mem/gbm.gbmg.gbmga.ngecc.bmg/inst_blk_mem_gen/gnbram.gnativebmg.native_blk_mem_gen/valid.cstr/ramloop[0].ram.r/prim_noinit.ram/DEVICE_7SERIES.NO_BMM_INFO.SDP.WIDE_PRIM18.ram/CLKARDCLK
  -------------------------------------------------------------------    -------------------
    RAMB18_X1Y4          RAMB18E1 (Prop_ramb18e1_CLKARDCLK_DOADO[5])
                                                      2.454     7.050 f  DFIFO0/U0/inst_fifo_gen/gconvfifo.rf/grf.rf/gntv_or_sync_fifo.mem/gbm.gbmg.gbmga.ngecc.bmg/inst_blk_mem_gen/gnbram.gnativebmg.native_blk_mem_gen/valid.cstr/ramloop[0].ram.r/prim_noinit.ram/DEVICE_7SERIES.NO_BMM_INFO.SDP.WIDE_PRIM18.ram/DOADO[5]
                         net (fo=3, routed)           0.668     7.718    hash/in1_butt_reg[23][5]
    SLICE_X24Y10         LUT6 (Prop_lut6_I1_O)        0.124     7.842 f  hash/in1_butt[5]_i_3/O
                         net (fo=2, routed)           0.534     8.376    hash/in1_butt[5]_i_3_n_0
    SLICE_X23Y10         LUT5 (Prop_lut5_I4_O)        0.124     8.500 f  hash/in1_butt[5]_i_2_replica/O
                         net (fo=4, routed)           0.532     9.032    hash/ofifo1_req_r1_reg[5]_repN
    SLICE_X20Y9          LUT6 (Prop_lut6_I1_O)        0.124     9.156 r  hash/samp1_q[2]_i_7/O
                         net (fo=2, routed)           0.579     9.735    hash/samp1_q[2]_i_7_n_0
    SLICE_X23Y9          LUT6 (Prop_lut6_I0_O)        0.124     9.859 r  hash/samp1_q[2]_i_2/O
                         net (fo=6, routed)           0.441    10.300    hash/samp1_q[2]_i_2_n_0
    SLICE_X20Y9          LUT5 (Prop_lut5_I0_O)        0.124    10.424 r  hash/samp1_q[0]_i_1/O
                         net (fo=1, routed)           0.000    10.424    ntt/samp1_q_reg[0]_0
    SLICE_X20Y9          FDRE                                         r  ntt/samp1_q_reg[0]/D
  -------------------------------------------------------------------    -------------------

                         (clock clk rise edge)        5.952     5.952 r  
    K18                                               0.000     5.952 r  clk (IN)
                         net (fo=0)                   0.000     5.952    clk
    K18                  IBUF (Prop_ibuf_I_O)         0.798     6.750 r  clk_IBUF_inst/O
                         net (fo=1, routed)           1.862     8.612    clk_IBUF
    BUFGCTRL_X0Y0        BUFG (Prop_bufg_I_O)         0.091     8.703 r  clk_IBUF_BUFG_inst/O
                         net (fo=5150, routed)        1.442    10.145    ntt/clk_IBUF_BUFG
    SLICE_X20Y9          FDRE                                         r  ntt/samp1_q_reg[0]/C
                         clock pessimism              0.322    10.467    
                         clock uncertainty           -0.035    10.431    
    SLICE_X20Y9          FDRE (Setup_fdre_C_D)        0.029    10.460    ntt/samp1_q_reg[0]
  -------------------------------------------------------------------
                         required time                         10.460    
                         arrival time                         -10.424    
  -------------------------------------------------------------------
                         slack                                  0.037    

Slack (MET) :             0.037ns  (required time - arrival time)
  Source:                 state_reg[3]_replica/C
                            (rising edge-triggered cell FDRE clocked by clk  {rise@0.000ns fall@2.976ns period=5.952ns})
  Destination:            hash/fifo0/U0/inst_fifo_gen/gconvfifo.rf/grf.rf/gntv_or_sync_fifo.mem/gbm.gbmg.gbmga.ngecc.bmg/inst_blk_mem_gen/gnbram.gnativebmg.native_blk_mem_gen/valid.cstr/ramloop[0].ram.r/prim_noinit.ram/DEVICE_7SERIES.NO_BMM_INFO.SDP.WIDE_PRIM18.ram/DIADI[1]
                            (rising edge-triggered cell RAMB18E1 clocked by clk  {rise@0.000ns fall@2.976ns period=5.952ns})
  Path Group:             clk
  Path Type:              Setup (Max at Slow Process Corner)
  Requirement:            5.952ns  (clk rise@5.952ns - clk rise@0.000ns)
  Data Path Delay:        5.644ns  (logic 1.200ns (21.262%)  route 4.444ns (78.738%))
  Logic Levels:           6  (LUT6=6)
  Clock Path Skew:        0.005ns (DCD - SCD + CPR)
    Destination Clock Delay (DCD):    4.225ns = ( 10.177 - 5.952 ) 
    Source Clock Delay      (SCD):    4.542ns
    Clock Pessimism Removal (CPR):    0.322ns
  Clock Uncertainty:      0.035ns  ((TSJ^2 + TIJ^2)^1/2 + DJ) / 2 + PE
    Total System Jitter     (TSJ):    0.071ns
    Total Input Jitter      (TIJ):    0.000ns
    Discrete Jitter          (DJ):    0.000ns
    Phase Error              (PE):    0.000ns

    Location             Delay type                Incr(ns)  Path(ns)    Netlist Resource(s)
  -------------------------------------------------------------------    -------------------
                         (clock clk rise edge)        0.000     0.000 r  
    K18                                               0.000     0.000 r  clk (IN)
                         net (fo=0)                   0.000     0.000    clk
    K18                  IBUF (Prop_ibuf_I_O)         0.931     0.931 r  clk_IBUF_inst/O
                         net (fo=1, routed)           1.966     2.896    clk_IBUF
    BUFGCTRL_X0Y0        BUFG (Prop_bufg_I_O)         0.096     2.992 r  clk_IBUF_BUFG_inst/O
                         net (fo=5150, routed)        1.549     4.542    clk_IBUF_BUFG
    SLICE_X9Y19          FDRE                                         r  state_reg[3]_replica/C
  -------------------------------------------------------------------    -------------------
    SLICE_X9Y19          FDRE (Prop_fdre_C_Q)         0.456     4.998 r  state_reg[3]_replica/Q
                         net (fo=11, routed)          1.136     6.134    hash/state[3]_repN_alias
    SLICE_X13Y22         LUT6 (Prop_lut6_I2_O)        0.124     6.258 r  hash/fifo0_i_147_replica/O
                         net (fo=10, routed)          0.802     7.059    hash/fifo0_i_147_n_0_repN
    SLICE_X9Y21          LUT6 (Prop_lut6_I3_O)        0.124     7.183 r  hash/fifo0_i_217/O
                         net (fo=1, routed)           0.503     7.686    hash/fifo0_i_217_n_0
    SLICE_X9Y13          LUT6 (Prop_lut6_I0_O)        0.124     7.810 r  hash/fifo0_i_214/O
                         net (fo=1, routed)           0.432     8.242    hash/fifo0_i_214_n_0
    SLICE_X9Y12          LUT6 (Prop_lut6_I3_O)        0.124     8.366 r  hash/fifo0_i_205/O
                         net (fo=1, routed)           0.289     8.655    hash/fifo0_i_205_n_0
    SLICE_X9Y13          LUT6 (Prop_lut6_I5_O)        0.124     8.779 r  hash/fifo0_i_138/O
                         net (fo=1, routed)           0.762     9.542    hash/fifo0_i_138_n_0
    SLICE_X9Y24          LUT6 (Prop_lut6_I5_O)        0.124     9.666 r  hash/fifo0_i_33/O
                         net (fo=1, routed)           0.520    10.186    hash/fifo0/U0/inst_fifo_gen/gconvfifo.rf/grf.rf/gntv_or_sync_fifo.mem/gbm.gbmg.gbmga.ngecc.bmg/inst_blk_mem_gen/gnbram.gnativebmg.native_blk_mem_gen/valid.cstr/ramloop[0].ram.r/prim_noinit.ram/dina[1]
    RAMB18_X0Y12         RAMB18E1                                     r  hash/fifo0/U0/inst_fifo_gen/gconvfifo.rf/grf.rf/gntv_or_sync_fifo.mem/gbm.gbmg.gbmga.ngecc.bmg/inst_blk_mem_gen/gnbram.gnativebmg.native_blk_mem_gen/valid.cstr/ramloop[0].ram.r/prim_noinit.ram/DEVICE_7SERIES.NO_BMM_INFO.SDP.WIDE_PRIM18.ram/DIADI[1]
  -------------------------------------------------------------------    -------------------

                         (clock clk rise edge)        5.952     5.952 r  
    K18                                               0.000     5.952 r  clk (IN)
                         net (fo=0)                   0.000     5.952    clk
    K18                  IBUF (Prop_ibuf_I_O)         0.798     6.750 r  clk_IBUF_inst/O
                         net (fo=1, routed)           1.862     8.612    clk_IBUF
    BUFGCTRL_X0Y0        BUFG (Prop_bufg_I_O)         0.091     8.703 r  clk_IBUF_BUFG_inst/O
                         net (fo=5150, routed)        1.475    10.177    hash/fifo0/U0/inst_fifo_gen/gconvfifo.rf/grf.rf/gntv_or_sync_fifo.mem/gbm.gbmg.gbmga.ngecc.bmg/inst_blk_mem_gen/gnbram.gnativebmg.native_blk_mem_gen/valid.cstr/ramloop[0].ram.r/prim_noinit.ram/clka
    RAMB18_X0Y12         RAMB18E1                                     r  hash/fifo0/U0/inst_fifo_gen/gconvfifo.rf/grf.rf/gntv_or_sync_fifo.mem/gbm.gbmg.gbmga.ngecc.bmg/inst_blk_mem_gen/gnbram.gnativebmg.native_blk_mem_gen/valid.cstr/ramloop[0].ram.r/prim_noinit.ram/DEVICE_7SERIES.NO_BMM_INFO.SDP.WIDE_PRIM18.ram/CLKBWRCLK
                         clock pessimism              0.322    10.499    
                         clock uncertainty           -0.035    10.464    
    RAMB18_X0Y12         RAMB18E1 (Setup_ramb18e1_CLKBWRCLK_DIADI[1])
                                                     -0.241    10.223    hash/fifo0/U0/inst_fifo_gen/gconvfifo.rf/grf.rf/gntv_or_sync_fifo.mem/gbm.gbmg.gbmga.ngecc.bmg/inst_blk_mem_gen/gnbram.gnativebmg.native_blk_mem_gen/valid.cstr/ramloop[0].ram.r/prim_noinit.ram/DEVICE_7SERIES.NO_BMM_INFO.SDP.WIDE_PRIM18.ram
  -------------------------------------------------------------------
                         required time                         10.223    
                         arrival time                         -10.186    
  -------------------------------------------------------------------
                         slack                                  0.037    

Slack (MET) :             0.042ns  (required time - arrival time)
  Source:                 DFIFO0/U0/inst_fifo_gen/gconvfifo.rf/grf.rf/gntv_or_sync_fifo.mem/gbm.gbmg.gbmga.ngecc.bmg/inst_blk_mem_gen/gnbram.gnativebmg.native_blk_mem_gen/valid.cstr/ramloop[0].ram.r/prim_noinit.ram/DEVICE_7SERIES.NO_BMM_INFO.SDP.WIDE_PRIM18.ram/CLKARDCLK
                            (rising edge-triggered cell RAMB18E1 clocked by clk  {rise@0.000ns fall@2.976ns period=5.952ns})
  Destination:            ntt/samp1_q_reg[7]/D
                            (rising edge-triggered cell FDRE clocked by clk  {rise@0.000ns fall@2.976ns period=5.952ns})
  Path Group:             clk
  Path Type:              Setup (Max at Slow Process Corner)
  Requirement:            5.952ns  (clk rise@5.952ns - clk rise@0.000ns)
  Data Path Delay:        5.827ns  (logic 3.074ns (52.758%)  route 2.753ns (47.242%))
  Logic Levels:           5  (LUT5=2 LUT6=3)
  Clock Path Skew:        -0.080ns (DCD - SCD + CPR)
    Destination Clock Delay (DCD):    4.194ns = ( 10.146 - 5.952 ) 
    Source Clock Delay      (SCD):    4.596ns
    Clock Pessimism Removal (CPR):    0.322ns
  Clock Uncertainty:      0.035ns  ((TSJ^2 + TIJ^2)^1/2 + DJ) / 2 + PE
    Total System Jitter     (TSJ):    0.071ns
    Total Input Jitter      (TIJ):    0.000ns
    Discrete Jitter          (DJ):    0.000ns
    Phase Error              (PE):    0.000ns

    Location             Delay type                Incr(ns)  Path(ns)    Netlist Resource(s)
  -------------------------------------------------------------------    -------------------
                         (clock clk rise edge)        0.000     0.000 r  
    K18                                               0.000     0.000 r  clk (IN)
                         net (fo=0)                   0.000     0.000    clk
    K18                  IBUF (Prop_ibuf_I_O)         0.931     0.931 r  clk_IBUF_inst/O
                         net (fo=1, routed)           1.966     2.896    clk_IBUF
    BUFGCTRL_X0Y0        BUFG (Prop_bufg_I_O)         0.096     2.992 r  clk_IBUF_BUFG_inst/O
                         net (fo=5150, routed)        1.604     4.596    DFIFO0/U0/inst_fifo_gen/gconvfifo.rf/grf.rf/gntv_or_sync_fifo.mem/gbm.gbmg.gbmga.ngecc.bmg/inst_blk_mem_gen/gnbram.gnativebmg.native_blk_mem_gen/valid.cstr/ramloop[0].ram.r/prim_noinit.ram/clka
    RAMB18_X1Y4          RAMB18E1                                     r  DFIFO0/U0/inst_fifo_gen/gconvfifo.rf/grf.rf/gntv_or_sync_fifo.mem/gbm.gbmg.gbmga.ngecc.bmg/inst_blk_mem_gen/gnbram.gnativebmg.native_blk_mem_gen/valid.cstr/ramloop[0].ram.r/prim_noinit.ram/DEVICE_7SERIES.NO_BMM_INFO.SDP.WIDE_PRIM18.ram/CLKARDCLK
  -------------------------------------------------------------------    -------------------
    RAMB18_X1Y4          RAMB18E1 (Prop_ramb18e1_CLKARDCLK_DOADO[5])
                                                      2.454     7.050 r  DFIFO0/U0/inst_fifo_gen/gconvfifo.rf/grf.rf/gntv_or_sync_fifo.mem/gbm.gbmg.gbmga.ngecc.bmg/inst_blk_mem_gen/gnbram.gnativebmg.native_blk_mem_gen/valid.cstr/ramloop[0].ram.r/prim_noinit.ram/DEVICE_7SERIES.NO_BMM_INFO.SDP.WIDE_PRIM18.ram/DOADO[5]
                         net (fo=3, routed)           0.668     7.718    hash/in1_butt_reg[23][5]
    SLICE_X24Y10         LUT6 (Prop_lut6_I1_O)        0.124     7.842 r  hash/in1_butt[5]_i_3/O
                         net (fo=2, routed)           0.534     8.376    hash/in1_butt[5]_i_3_n_0
    SLICE_X23Y10         LUT5 (Prop_lut5_I4_O)        0.124     8.500 r  hash/in1_butt[5]_i_2_replica/O
                         net (fo=4, routed)           0.532     9.032    hash/ofifo1_req_r1_reg[5]_repN
    SLICE_X20Y9          LUT6 (Prop_lut6_I1_O)        0.124     9.156 f  hash/samp1_q[2]_i_7/O
                         net (fo=2, routed)           0.579     9.735    hash/samp1_q[2]_i_7_n_0
    SLICE_X23Y9          LUT6 (Prop_lut6_I0_O)        0.124     9.859 f  hash/samp1_q[2]_i_2/O
                         net (fo=6, routed)           0.440    10.299    hash/samp1_q[2]_i_2_n_0
    SLICE_X20Y8          LUT5 (Prop_lut5_I4_O)        0.124    10.423 r  hash/samp1_q[7]_i_1/O
                         net (fo=1, routed)           0.000    10.423    ntt/samp1_q_reg[7]_0
    SLICE_X20Y8          FDRE                                         r  ntt/samp1_q_reg[7]/D
  -------------------------------------------------------------------    -------------------

                         (clock clk rise edge)        5.952     5.952 r  
    K18                                               0.000     5.952 r  clk (IN)
                         net (fo=0)                   0.000     5.952    clk
    K18                  IBUF (Prop_ibuf_I_O)         0.798     6.750 r  clk_IBUF_inst/O
                         net (fo=1, routed)           1.862     8.612    clk_IBUF
    BUFGCTRL_X0Y0        BUFG (Prop_bufg_I_O)         0.091     8.703 r  clk_IBUF_BUFG_inst/O
                         net (fo=5150, routed)        1.443    10.146    ntt/clk_IBUF_BUFG
    SLICE_X20Y8          FDRE                                         r  ntt/samp1_q_reg[7]/C
                         clock pessimism              0.322    10.468    
                         clock uncertainty           -0.035    10.432    
    SLICE_X20Y8          FDRE (Setup_fdre_C_D)        0.032    10.464    ntt/samp1_q_reg[7]
  -------------------------------------------------------------------
                         required time                         10.464    
                         arrival time                         -10.423    
  -------------------------------------------------------------------
                         slack                                  0.042    




