Copyright 1986-2022 Xilinx, Inc. All Rights Reserved. Copyright 2022-2025 Advanced Micro Devices, Inc. All Rights Reserved.
---------------------------------------------------------------------------------------------------------------------------------------------------
| Tool Version : Vivado v.2025.2 (win64) Build 6299465 Fri Nov 14 19:35:11 GMT 2025
| Date         : Sun Sep 13 19:44:06 2026
| Host         : Aysha running 64-bit major release  (build 9200)
| Command      : report_timing_summary -file C:/Users/aysha/Desktop/ML-KEM-512-FPGA-Dissertation/reports/server/Kyber_Server_final_5992_timing.rpt
| Design       : Kyber_Server
| Device       : 7a12t-cpg238
| Speed File   : -1  PRODUCTION 1.23 2018-06-13
| Design State : Physopt postRoute
---------------------------------------------------------------------------------------------------------------------------------------------------

Timing Summary Report

------------------------------------------------------------------------------------------------
| Timer Settings
| --------------
------------------------------------------------------------------------------------------------

  Enable Multi Corner Analysis               :  Yes
  Enable Pessimism Removal                   :  Yes
  Pessimism Removal Resolution               :  Nearest Common Node
  Enable Input Delay Default Clock           :  No
  Enable Preset / Clear Arcs                 :  No
  Disable Flight Delays                      :  No
  Ignore I/O Paths                           :  No
  Timing Early Launch at Borrowing Latches   :  No
  Borrow Time for Max Delay Exceptions       :  Yes
  Merge Timing Exceptions                    :  Yes
  Inter-SLR Compensation                     :  Conservative

  Corner  Analyze    Analyze    
  Name    Max Paths  Min Paths  
  ------  ---------  ---------  
  Slow    Yes        Yes        
  Fast    Yes        Yes        


------------------------------------------------------------------------------------------------
| Report Methodology
| ------------------
------------------------------------------------------------------------------------------------

Rule       Severity  Description                    Violations  
---------  --------  -----------------------------  ----------  
TIMING-18  Warning   Missing input or output delay  75          

Note: This report is based on the most recent report_methodology run and may not be up-to-date. Run report_methodology on the current design for the latest report.



check_timing report

Table of Contents
-----------------
1. checking no_clock (0)
2. checking constant_clock (0)
3. checking pulse_width_clock (0)
4. checking unconstrained_internal_endpoints (0)
5. checking no_input_delay (40)
6. checking no_output_delay (35)
7. checking multiple_clock (0)
8. checking generated_clocks (0)
9. checking loops (0)
10. checking partial_input_delay (0)
11. checking partial_output_delay (0)
12. checking latch_loops (0)

1. checking no_clock (0)
------------------------
 There are 0 register/latch pins with no clock.


2. checking constant_clock (0)
------------------------------
 There are 0 register/latch pins with constant_clock.


3. checking pulse_width_clock (0)
---------------------------------
 There are 0 register/latch pins which need pulse_width check


4. checking unconstrained_internal_endpoints (0)
------------------------------------------------
 There are 0 pins that are not constrained for maximum delay.

 There are 0 pins that are not constrained for maximum delay due to constant clock.


5. checking no_input_delay (40)
-------------------------------
 There are 40 input ports with no input delay specified. (HIGH)

 There are 0 input ports with no input delay but user has a false path constraint.


6. checking no_output_delay (35)
--------------------------------
 There are 35 ports with no output delay specified. (HIGH)

 There are 0 ports with no output delay but user has a false path constraint

 There are 0 ports with no output delay but with a timing clock defined on it or propagating through it


7. checking multiple_clock (0)
------------------------------
 There are 0 register/latch pins with multiple clocks.


8. checking generated_clocks (0)
--------------------------------
 There are 0 generated clocks that are not connected to a clock source.


9. checking loops (0)
---------------------
 There are 0 combinational loops in the design.


10. checking partial_input_delay (0)
------------------------------------
 There are 0 input ports with partial input delay specified.


11. checking partial_output_delay (0)
-------------------------------------
 There are 0 ports with partial output delay specified.


12. checking latch_loops (0)
----------------------------
 There are 0 combinational latch loops in the design through latch input



------------------------------------------------------------------------------------------------
| Design Timing Summary
| ---------------------
------------------------------------------------------------------------------------------------

    WNS(ns)      TNS(ns)  TNS Failing Endpoints  TNS Total Endpoints      WHS(ns)      THS(ns)  THS Failing Endpoints  THS Total Endpoints     WPWS(ns)     TPWS(ns)  TPWS Failing Endpoints  TPWS Total Endpoints  
    -------      -------  ---------------------  -------------------      -------      -------  ---------------------  -------------------     --------     --------  ----------------------  --------------------  
      0.009        0.000                      0                11184        0.048        0.000                      0                11184        1.996        0.000                       0                  4967  


All user specified timing constraints are met.


------------------------------------------------------------------------------------------------
| Clock Summary
| -------------
------------------------------------------------------------------------------------------------

Clock  Waveform(ns)         Period(ns)      Frequency(MHz)
-----  ------------         ----------      --------------
clk    {0.000 2.976}        5.952           168.011         


------------------------------------------------------------------------------------------------
| Intra Clock Table
| -----------------
------------------------------------------------------------------------------------------------

Clock             WNS(ns)      TNS(ns)  TNS Failing Endpoints  TNS Total Endpoints      WHS(ns)      THS(ns)  THS Failing Endpoints  THS Total Endpoints     WPWS(ns)     TPWS(ns)  TPWS Failing Endpoints  TPWS Total Endpoints  
-----             -------      -------  ---------------------  -------------------      -------      -------  ---------------------  -------------------     --------     --------  ----------------------  --------------------  
clk                 0.009        0.000                      0                11184        0.048        0.000                      0                11184        1.996        0.000                       0                  4967  


------------------------------------------------------------------------------------------------
| Inter Clock Table
| -----------------
------------------------------------------------------------------------------------------------

From Clock    To Clock          WNS(ns)      TNS(ns)  TNS Failing Endpoints  TNS Total Endpoints      WHS(ns)      THS(ns)  THS Failing Endpoints  THS Total Endpoints  
----------    --------          -------      -------  ---------------------  -------------------      -------      -------  ---------------------  -------------------  


------------------------------------------------------------------------------------------------
| Other Path Groups Table
| -----------------------
------------------------------------------------------------------------------------------------

Path Group    From Clock    To Clock          WNS(ns)      TNS(ns)  TNS Failing Endpoints  TNS Total Endpoints      WHS(ns)      THS(ns)  THS Failing Endpoints  THS Total Endpoints  
----------    ----------    --------          -------      -------  ---------------------  -------------------      -------      -------  ---------------------  -------------------  


------------------------------------------------------------------------------------------------
| Timing Details
| --------------
------------------------------------------------------------------------------------------------


---------------------------------------------------------------------------------------------------
From Clock:  clk
  To Clock:  clk

Setup :            0  Failing Endpoints,  Worst Slack        0.009ns,  Total Violation        0.000ns
Hold  :            0  Failing Endpoints,  Worst Slack        0.048ns,  Total Violation        0.000ns
PW    :            0  Failing Endpoints,  Worst Slack        1.996ns,  Total Violation        0.000ns
---------------------------------------------------------------------------------------------------


Max Delay Paths
--------------------------------------------------------------------------------------
Slack (MET) :             0.009ns  (required time - arrival time)
  Source:                 ntt/in1_butt_reg[14]/C
                            (rising edge-triggered cell FDRE clocked by clk  {rise@0.000ns fall@2.976ns period=5.952ns})
  Destination:            ntt/BU/sum_in1_reg_reg[7]/D
                            (rising edge-triggered cell FDRE clocked by clk  {rise@0.000ns fall@2.976ns period=5.952ns})
  Path Group:             clk
  Path Type:              Setup (Max at Slow Process Corner)
  Requirement:            5.952ns  (clk rise@5.952ns - clk rise@0.000ns)
  Data Path Delay:        5.829ns  (logic 3.041ns (52.173%)  route 2.788ns (47.827%))
  Logic Levels:           10  (CARRY4=6 LUT3=1 LUT4=1 LUT5=2)
  Clock Path Skew:        -0.110ns (DCD - SCD + CPR)
    Destination Clock Delay (DCD):    4.642ns = ( 10.594 - 5.952 ) 
    Source Clock Delay      (SCD):    5.026ns
    Clock Pessimism Removal (CPR):    0.274ns
  Clock Uncertainty:      0.035ns  ((TSJ^2 + TIJ^2)^1/2 + DJ) / 2 + PE
    Total System Jitter     (TSJ):    0.071ns
    Total Input Jitter      (TIJ):    0.000ns
    Discrete Jitter          (DJ):    0.000ns
    Phase Error              (PE):    0.000ns

    Location             Delay type                Incr(ns)  Path(ns)    Netlist Resource(s)
  -------------------------------------------------------------------    -------------------
                         (clock clk rise edge)        0.000     0.000 r  
    K18                                               0.000     0.000 r  clk (IN)
                         net (fo=0)                   0.000     0.000    clk
    K18                  IBUF (Prop_ibuf_I_O)         0.931     0.931 r  clk_IBUF_inst/O
                         net (fo=1, routed)           1.966     2.896    clk_IBUF
    BUFGCTRL_X0Y2        BUFG (Prop_bufg_I_O)         0.096     2.992 r  clk_IBUF_BUFG_inst_replica_1/O
                         net (fo=2, routed)           0.140     3.132    clk_IBUF_BUFG_repN_1
    BUFGCTRL_X0Y1        BUFG (Prop_bufg_I_O)         0.096     3.228 r  clk_IBUF_BUFG_inst_replica/O
                         net (fo=11, routed)          0.140     3.368    clk_IBUF_BUFG_repN
    BUFGCTRL_X0Y0        BUFG (Prop_bufg_I_O)         0.096     3.464 r  clk_IBUF_BUFG_inst/O
                         net (fo=4953, routed)        1.561     5.026    ntt/clk_IBUF_BUFG
    SLICE_X12Y6          FDRE                                         r  ntt/in1_butt_reg[14]/C
  -------------------------------------------------------------------    -------------------
    SLICE_X12Y6          FDRE (Prop_fdre_C_Q)         0.518     5.544 r  ntt/in1_butt_reg[14]/Q
                         net (fo=5, routed)           0.823     6.367    ntt/BU/diff_in1_reg_reg[11]_0[14]
    SLICE_X23Y2          LUT4 (Prop_lut4_I3_O)        0.124     6.491 r  ntt/BU/sum_in1_reg[3]_i_6/O
                         net (fo=2, routed)           0.513     7.004    ntt/BU/sum_in1_reg[3]_i_6_n_0
    SLICE_X22Y4          LUT5 (Prop_lut5_I0_O)        0.124     7.128 r  ntt/BU/sum_in1_reg[3]_i_10/O
                         net (fo=1, routed)           0.000     7.128    ntt/BU/sum_in1_reg[3]_i_10_n_0
    SLICE_X22Y4          CARRY4 (Prop_carry4_S[3]_CO[3])
                                                      0.376     7.504 r  ntt/BU/sum_in1_reg_reg[3]_i_3/CO[3]
                         net (fo=1, routed)           0.000     7.504    ntt/BU/sum_in1_reg_reg[3]_i_3_n_0
    SLICE_X22Y5          CARRY4 (Prop_carry4_CI_CO[3])
                                                      0.117     7.621 r  ntt/BU/sum_in1_reg_reg[7]_i_3/CO[3]
                         net (fo=1, routed)           0.000     7.621    ntt/BU/sum_in1_reg_reg[7]_i_3_n_0
    SLICE_X22Y6          CARRY4 (Prop_carry4_CI_CO[3])
                                                      0.117     7.738 r  ntt/BU/sum_in1_reg_reg[11]_i_4/CO[3]
                         net (fo=1, routed)           0.000     7.738    ntt/BU/sum_in1_reg_reg[11]_i_4_n_0
    SLICE_X22Y7          CARRY4 (Prop_carry4_CI_O[0])
                                                      0.219     7.957 r  ntt/BU/sum_in1_reg_reg[11]_i_18/O[0]
                         net (fo=7, routed)           0.734     8.691    ntt/BU/sum_in1[12]
    SLICE_X23Y4          LUT3 (Prop_lut3_I2_O)        0.295     8.986 r  ntt/BU/sum_in1_reg[3]_i_5/O
                         net (fo=1, routed)           0.000     8.986    ntt/BU/sum_in1_reg[3]_i_5_n_0
    SLICE_X23Y4          CARRY4 (Prop_carry4_S[0]_CO[3])
                                                      0.532     9.518 r  ntt/BU/sum_in1_reg_reg[3]_i_2/CO[3]
                         net (fo=1, routed)           0.000     9.518    ntt/BU/sum_in1_reg_reg[3]_i_2_n_0
    SLICE_X23Y5          CARRY4 (Prop_carry4_CI_O[3])
                                                      0.313     9.831 r  ntt/BU/sum_in1_reg_reg[7]_i_2/O[3]
                         net (fo=2, routed)           0.717    10.548    ntt/BU/sum_in1_q[7]
    SLICE_X23Y8          LUT5 (Prop_lut5_I0_O)        0.306    10.854 r  ntt/BU/sum_in1_reg[7]_i_1/O
                         net (fo=1, routed)           0.000    10.854    ntt/BU/sum_in1_reg[7]_i_1_n_0
    SLICE_X23Y8          FDRE                                         r  ntt/BU/sum_in1_reg_reg[7]/D
  -------------------------------------------------------------------    -------------------

                         (clock clk rise edge)        5.952     5.952 r  
    K18                                               0.000     5.952 r  clk (IN)
                         net (fo=0)                   0.000     5.952    clk
    K18                  IBUF (Prop_ibuf_I_O)         0.798     6.750 r  clk_IBUF_inst/O
                         net (fo=1, routed)           1.862     8.612    clk_IBUF
    BUFGCTRL_X0Y2        BUFG (Prop_bufg_I_O)         0.091     8.703 r  clk_IBUF_BUFG_inst_replica_1/O
                         net (fo=2, routed)           0.133     8.836    clk_IBUF_BUFG_repN_1
    BUFGCTRL_X0Y1        BUFG (Prop_bufg_I_O)         0.091     8.927 r  clk_IBUF_BUFG_inst_replica/O
                         net (fo=11, routed)          0.133     9.060    clk_IBUF_BUFG_repN
    BUFGCTRL_X0Y0        BUFG (Prop_bufg_I_O)         0.091     9.151 r  clk_IBUF_BUFG_inst/O
                         net (fo=4953, routed)        1.443    10.594    ntt/BU/clk_IBUF_BUFG
    SLICE_X23Y8          FDRE                                         r  ntt/BU/sum_in1_reg_reg[7]/C
                         clock pessimism              0.274    10.868    
                         clock uncertainty           -0.035    10.832    
    SLICE_X23Y8          FDRE (Setup_fdre_C_D)        0.031    10.863    ntt/BU/sum_in1_reg_reg[7]
  -------------------------------------------------------------------
                         required time                         10.863    
                         arrival time                         -10.854    
  -------------------------------------------------------------------
                         slack                                  0.009    





Min Delay Paths
--------------------------------------------------------------------------------------
Slack (MET) :             0.048ns  (arrival time - required time)
  Source:                 Kyber_Server/NTT_core_Server/dist_mem_gen_6/<hidden>/<hidden>/<hidden>
                            (rising edge-triggered cell FDRE clocked by clk  {rise@0.000ns fall@2.976ns period=5.952ns})
  Destination:            ntt/tw_butt_reg[20]/D
                            (rising edge-triggered cell FDRE clocked by clk  {rise@0.000ns fall@2.976ns period=5.952ns})
  Path Group:             clk
  Path Type:              Hold (Min at Fast Process Corner)
  Requirement:            0.000ns  (clk rise@0.000ns - clk rise@0.000ns)
  Data Path Delay:        0.485ns  (logic 0.271ns (55.928%)  route 0.214ns (44.072%))
  Logic Levels:           2  (LUT6=1 MUXF7=1)
  Clock Path Skew:        0.332ns (DCD - SCD - CPR)
    Destination Clock Delay (DCD):    2.019ns
    Source Clock Delay      (SCD):    1.436ns
    Clock Pessimism Removal (CPR):    0.251ns

    Location             Delay type                Incr(ns)  Path(ns)    Netlist Resource(s)
  -------------------------------------------------------------------    -------------------
                         (clock clk rise edge)        0.000     0.000 r  
    K18                                               0.000     0.000 r  clk (IN)
                         net (fo=0)                   0.000     0.000    clk
    K18                  IBUF (Prop_ibuf_I_O)         0.160     0.160 r  clk_IBUF_inst/O
                         net (fo=1, routed)           0.631     0.791    clk_IBUF
    BUFGCTRL_X0Y2        BUFG (Prop_bufg_I_O)         0.026     0.817 r  clk_IBUF_BUFG_inst_replica_1/O
                         net (fo=2, routed)           0.030     0.847    clk_IBUF_BUFG_repN_1
    BUFGCTRL_X0Y1        BUFG (Prop_bufg_I_O)         0.026     0.873 r  clk_IBUF_BUFG_inst_replica/O
                         net (fo=11, routed)          0.563     1.436    Kyber_Server/NTT_core_Server/dist_mem_gen_6/<hidden>/<hidden>/<hidden>
    SLICE_X22Y0          FDRE                                         r  Kyber_Server/NTT_core_Server/dist_mem_gen_6/<hidden>/<hidden>/<hidden>
  -------------------------------------------------------------------    -------------------
    SLICE_X22Y0          FDRE (Prop_fdre_C_Q)         0.164     1.600 r  Kyber_Server/NTT_core_Server/dist_mem_gen_6/<hidden>/<hidden>/<hidden>
                         net (fo=2, routed)           0.214     1.813    ntt/rdata_ROM1[8]
    SLICE_X21Y1          LUT6 (Prop_lut6_I2_O)        0.045     1.858 r  ntt/tw_butt[20]_i_3/O
                         net (fo=1, routed)           0.000     1.858    ntt/tw_butt[20]_i_3_n_0
    SLICE_X21Y1          MUXF7 (Prop_muxf7_I0_O)      0.062     1.920 r  ntt/tw_butt_reg[20]_i_2/O
                         net (fo=1, routed)           0.000     1.920    ntt/tw_butt_reg[20]_i_2_n_0
    SLICE_X21Y1          FDRE                                         r  ntt/tw_butt_reg[20]/D
  -------------------------------------------------------------------    -------------------

                         (clock clk rise edge)        0.000     0.000 r  
    K18                                               0.000     0.000 r  clk (IN)
                         net (fo=0)                   0.000     0.000    clk
    K18                  IBUF (Prop_ibuf_I_O)         0.348     0.348 r  clk_IBUF_inst/O
                         net (fo=1, routed)           0.685     1.033    clk_IBUF
    BUFGCTRL_X0Y2        BUFG (Prop_bufg_I_O)         0.029     1.062 r  clk_IBUF_BUFG_inst_replica_1/O
                         net (fo=2, routed)           0.033     1.095    clk_IBUF_BUFG_repN_1
    BUFGCTRL_X0Y1        BUFG (Prop_bufg_I_O)         0.029     1.124 r  clk_IBUF_BUFG_inst_replica/O
                         net (fo=11, routed)          0.033     1.157    clk_IBUF_BUFG_repN
    BUFGCTRL_X0Y0        BUFG (Prop_bufg_I_O)         0.029     1.186 r  clk_IBUF_BUFG_inst/O
                         net (fo=4953, routed)        0.833     2.019    ntt/clk_IBUF_BUFG
    SLICE_X21Y1          FDRE                                         r  ntt/tw_butt_reg[20]/C
                         clock pessimism             -0.251     1.768    
    SLICE_X21Y1          FDRE (Hold_fdre_C_D)         0.105     1.873    ntt/tw_butt_reg[20]
  -------------------------------------------------------------------
                         required time                         -1.873    
                         arrival time                           1.920    
  -------------------------------------------------------------------
                         slack                                  0.048    





Pulse Width Checks
--------------------------------------------------------------------------------------
Clock Name:         clk
Waveform(ns):       { 0.000 2.976 }
Period(ns):         5.952
Sources:            { clk }

Check Type        Corner  Lib Pin             Reference Pin  Required(ns)  Actual(ns)  Slack(ns)  Location      Pin
Min Period        n/a     RAMB18E1/CLKARDCLK  n/a            2.944         5.952       3.008      RAMB18_X0Y6   DFIFO0/U0/inst_fifo_gen/gconvfifo.rf/grf.rf/gntv_or_sync_fifo.mem/gbm.gbmg.gbmga.ngecc.bmg/inst_blk_mem_gen/gnbram.gnativebmg.native_blk_mem_gen/valid.cstr/ramloop[0].ram.r/prim_noinit.ram/DEVICE_7SERIES.NO_BMM_INFO.SDP.WIDE_PRIM18.ram/CLKARDCLK
Low Pulse Width   Slow    SRL16E/CLK          n/a            0.980         2.976       1.996      SLICE_X18Y28  K_reg[32]_srl7/CLK
High Pulse Width  Slow    SRL16E/CLK          n/a            0.980         2.976       1.996      SLICE_X18Y28  K_reg[32]_srl7/CLK



